
 Start         Length     Name                   Class
 0001:00000000 000FF214H .text                   CODE
 0002:00000000 00003950H .data                   DATA
 0002:00003950 00001269H .bss                    BSS


Detailed map of segments

 0001:00000000 0000575F C=CODE     S=.text    G=(none)   M=System   ACBP=A9
 0001:00005760 00000140 C=CODE     S=.text    G=(none)   M=SysInit  ACBP=A9
 0001:000058A0 00000078 C=CODE     S=.text    G=(none)   M=Types    ACBP=A9
 0001:00005918 00000E50 C=CODE     S=.text    G=(none)   M=Windows  ACBP=A9
 0001:00006768 00000038 C=CODE     S=.text    G=(none)   M=Messages ACBP=A9
 0001:000067A0 00000390 C=CODE     S=.text    G=(none)   M=SysConst ACBP=A9
 0001:00006B30 000079A4 C=CODE     S=.text    G=(none)   M=SysUtils ACBP=A9
 0001:0000E4D4 00000823 C=CODE     S=.text    G=(none)   M=VarUtils ACBP=A9
 0001:0000ECF8 00008482 C=CODE     S=.text    G=(none)   M=Variants ACBP=A9
 0001:0001717C 000001A0 C=CODE     S=.text    G=(none)   M=RTLConsts ACBP=A9
 0001:0001731C 0000199C C=CODE     S=.text    G=(none)   M=TypInfo  ACBP=A9
 0001:00018CB8 00000098 C=CODE     S=.text    G=(none)   M=ActiveX  ACBP=A9
 0001:00018D50 0000E152 C=CODE     S=.text    G=(none)   M=Classes  ACBP=A9
 0001:00026EA4 00000358 C=CODE     S=.text    G=(none)   M=Consts   ACBP=A9
 0001:000271FC 0000920B C=CODE     S=.text    G=(none)   M=Graphics ACBP=A9
 0001:00030408 00000140 C=CODE     S=.text    G=(none)   M=Math     ACBP=A9
 0001:00030548 000005BC C=CODE     S=.text    G=(none)   M=Contnrs  ACBP=A9
 0001:00030B04 00000198 C=CODE     S=.text    G=(none)   M=CommCtrl ACBP=A9
 0001:00030C9C 00000787 C=CODE     S=.text    G=(none)   M=MultiMon ACBP=A9
 0001:00031424 00000038 C=CODE     S=.text    G=(none)   M=Imm      ACBP=A9
 0001:0003145C 00000FF8 C=CODE     S=.text    G=(none)   M=HelpIntfs ACBP=A9
 0001:00032454 00000038 C=CODE     S=.text    G=(none)   M=WinSpool ACBP=A9
 0001:0003248C 00000044 C=CODE     S=.text    G=(none)   M=Printers ACBP=A9
 0001:000324D0 0000031F C=CODE     S=.text    G=(none)   M=FlatSB   ACBP=A9
 0001:000327F0 00000340 C=CODE     S=.text    G=(none)   M=SyncObjs ACBP=A9
 0001:00032B30 000009BB C=CODE     S=.text    G=(none)   M=UxTheme  ACBP=A9
 0001:000334EC 00000038 C=CODE     S=.text    G=(none)   M=RichEdit ACBP=A9
 0001:00033524 00000AD4 C=CODE     S=.text    G=(none)   M=ToolWin  ACBP=A9
 0001:00033FF8 00000040 C=CODE     S=.text    G=(none)   M=ShellAPI ACBP=A9
 0001:00034038 00000038 C=CODE     S=.text    G=(none)   M=RegStr   ACBP=A9
 0001:00034070 00000038 C=CODE     S=.text    G=(none)   M=WinInet  ACBP=A9
 0001:000340A8 00000038 C=CODE     S=.text    G=(none)   M=UrlMon   ACBP=A9
 0001:000340E0 00000038 C=CODE     S=.text    G=(none)   M=ShlObj   ACBP=A9
 0001:00034118 00000038 C=CODE     S=.text    G=(none)   M=CommDlg  ACBP=A9
 0001:00034150 00000038 C=CODE     S=.text    G=(none)   M=Dlgs     ACBP=A9
 0001:00034188 00001649 C=CODE     S=.text    G=(none)   M=Dialogs  ACBP=A9
 0001:000357D4 00002B3E C=CODE     S=.text    G=(none)   M=ExtCtrls ACBP=A9
 0001:00038314 00000038 C=CODE     S=.text    G=(none)   M=ComStrs  ACBP=A9
 0001:0003834C 00000728 C=CODE     S=.text    G=(none)   M=Clipbrd  ACBP=A9
 0001:00038A74 00000038 C=CODE     S=.text    G=(none)   M=StrUtils ACBP=A9
 0001:00038AAC 000000F5 C=CODE     S=.text    G=(none)   M=Buttons  ACBP=A9
 0001:00038BA4 00000038 C=CODE     S=.text    G=(none)   M=ExtDlgs  ACBP=A9
 0001:00038BDC 00001084 C=CODE     S=.text    G=(none)   M=IniFiles ACBP=A9
 0001:00039C60 0000094C C=CODE     S=.text    G=(none)   M=Registry ACBP=A9
 0001:0003A5AC 0000006C C=CODE     S=.text    G=(none)   M=Mapi     ACBP=A9
 0001:0003A618 00000058 C=CODE     S=.text    G=(none)   M=ExtActns ACBP=A9
 0001:0003A670 00000038 C=CODE     S=.text    G=(none)   M=ListActns ACBP=A9
 0001:0003A6A8 00008C08 C=CODE     S=.text    G=(none)   M=ComCtrls ACBP=A9
 0001:000432B0 00000BE0 C=CODE     S=.text    G=(none)   M=Themes   ACBP=A9
 0001:00043E90 00005364 C=CODE     S=.text    G=(none)   M=StdCtrls ACBP=A9
 0001:000491F4 00000168 C=CODE     S=.text    G=(none)   M=StdActns ACBP=A9
 0001:0004935C 00000D1F C=CODE     S=.text    G=(none)   M=WinHelpViewer ACBP=A9
 0001:0004A07C 0001100F C=CODE     S=.text    G=(none)   M=Controls ACBP=A9
 0001:0005B08C 00001A3E C=CODE     S=.text    G=(none)   M=ActnList ACBP=A9
 0001:0005CACC 00001980 C=CODE     S=.text    G=(none)   M=ImgList  ACBP=A9
 0001:0005E44C 00006639 C=CODE     S=.text    G=(none)   M=Menus    ACBP=A9
 0001:00064A88 0000C538 C=CODE     S=.text    G=(none)   M=Forms    ACBP=A9
 0001:00070FC0 00000050 C=CODE     S=.text    G=(none)   M=JConsts  ACBP=A9
 0001:00071010 0001349C C=CODE     S=.text    G=(none)   M=jpeg     ACBP=A9
 0001:000844AC 000007E8 C=CODE     S=.text    G=(none)   M=Masks    ACBP=A9
 0001:00084C94 00000088 C=CODE     S=.text    G=(none)   M=WebConst ACBP=A9
 0001:00084D1C 00000038 C=CODE     S=.text    G=(none)   M=BrkrConst ACBP=A9
 0001:00084D54 00003520 C=CODE     S=.text    G=(none)   M=HTTPApp  ACBP=A9
 0001:00088274 000000F8 C=CODE     S=.text    G=(none)   M=IWTypes  ACBP=A9
 0001:0008836C 00000270 C=CODE     S=.text    G=(none)   M=IWFileReference ACBP=A9
 0001:000885DC 00000038 C=CODE     S=.text    G=(none)   M=IWLayoutMgrHTMLInterface ACBP=A9
 0001:00088614 000006CC C=CODE     S=.text    G=(none)   M=CopyPrsr ACBP=A9
 0001:00088CE0 00000398 C=CODE     S=.text    G=(none)   M=IWResourceStrings ACBP=A9
 0001:00089078 0000086B C=CODE     S=.text    G=(none)   M=SWSystem ACBP=A9
 0001:000898E4 00000C24 C=CODE     S=.text    G=(none)   M=IWServerControllerBase ACBP=A9
 0001:0008A508 00000134 C=CODE     S=.text    G=(none)   M=SWStrings ACBP=A9
 0001:0008A63C 000015BC C=CODE     S=.text    G=(none)   M=IWExtCtrls ACBP=A9
 0001:0008BBF8 00002014 C=CODE     S=.text    G=(none)   M=IWServer ACBP=A9
 0001:0008DC0C 00001A58 C=CODE     S=.text    G=(none)   M=IWGrids  ACBP=A9
 0001:0008F664 000006B8 C=CODE     S=.text    G=(none)   M=IWCompRectangle ACBP=A9
 0001:0008FD1C 000005A8 C=CODE     S=.text    G=(none)   M=IWRegion ACBP=A9
 0001:000902C4 0000132C C=CODE     S=.text    G=(none)   M=IWTemplateProcessorHTML ACBP=A9
 0001:000915F0 0000007B C=CODE     S=.text    G=(none)   M=IWLayoutMgrHTML ACBP=A9
 0001:0009166C 000002A8 C=CODE     S=.text    G=(none)   M=IWContainer ACBP=A9
 0001:00091914 00000558 C=CODE     S=.text    G=(none)   M=IWFormDsn ACBP=A9
 0001:00091E6C 00000864 C=CODE     S=.text    G=(none)   M=IWLayoutMgrForm ACBP=A9
 0001:000926D0 00000B10 C=CODE     S=.text    G=(none)   M=IWScriptEvents ACBP=A9
 0001:000931E0 00003560 C=CODE     S=.text    G=(none)   M=IWForm   ACBP=A9
 0001:00096740 00000BF9 C=CODE     S=.text    G=(none)   M=IWGlobal ACBP=A9
 0001:0009733C 000004D4 C=CODE     S=.text    G=(none)   M=IWLayoutMgr ACBP=A9
 0001:00097810 00000038 C=CODE     S=.text    G=(none)   M=IWControlInterface ACBP=A9
 0001:00097848 00000FA4 C=CODE     S=.text    G=(none)   M=IWHTMLTag ACBP=A9
 0001:000987EC 00000D44 C=CODE     S=.text    G=(none)   M=IWFont   ACBP=A9
 0001:00099530 000009C0 C=CODE     S=.text    G=(none)   M=IWCompButton ACBP=A9
 0001:00099EF0 000005B4 C=CODE     S=.text    G=(none)   M=IWCompText ACBP=A9
 0001:0009A4A4 000013A0 C=CODE     S=.text    G=(none)   M=IWApplication ACBP=A9
 0001:0009B844 00002689 C=CODE     S=.text    G=(none)   M=IWControl ACBP=A9
 0001:0009DED0 0000021C C=CODE     S=.text    G=(none)   M=IWAppForm ACBP=A9
 0001:0009E0EC 00000BDC C=CODE     S=.text    G=(none)   M=InException ACBP=A9
 0001:0009ECC8 000004B0 C=CODE     S=.text    G=(none)   M=InResourceStrings ACBP=A9
 0001:0009F178 00001127 C=CODE     S=.text    G=(none)   M=InWinsock2 ACBP=A9
 0001:000A02A0 00000038 C=CODE     S=.text    G=(none)   M=InStackConsts ACBP=A9
 0001:000A02D8 00000A18 C=CODE     S=.text    G=(none)   M=InStack  ACBP=A9
 0001:000A0CF0 00001114 C=CODE     S=.text    G=(none)   M=InStackWindows ACBP=A9
 0001:000A1E04 00000780 C=CODE     S=.text    G=(none)   M=InURI    ACBP=A9
 0001:000A2584 00003A48 C=CODE     S=.text    G=(none)   M=InGlobal ACBP=A9
 0001:000A5FCC 0000007C C=CODE     S=.text    G=(none)   M=IWLicenseKey ACBP=A9
 0001:000A6048 0000029D C=CODE     S=.text    G=(none)   M=IWInit   ACBP=A9
 0001:000A62E8 00000038 C=CODE     S=.text    G=(none)   M=InAssignedNumbers ACBP=A9
 0001:000A6320 00000A84 C=CODE     S=.text    G=(none)   M=InHeaderList ACBP=A9
 0001:000A6DA4 000000FC C=CODE     S=.text    G=(none)   M=InBaseComponent ACBP=A9
 0001:000A6EA0 000002EC C=CODE     S=.text    G=(none)   M=InAntiFreezeBase ACBP=A9
 0001:000A718C 00000645 C=CODE     S=.text    G=(none)   M=InComponent ACBP=A9
 0001:000A77D4 00000B24 C=CODE     S=.text    G=(none)   M=InSocketHandle ACBP=A9
 0001:000A82F8 0000046C C=CODE     S=.text    G=(none)   M=InIntercept ACBP=A9
 0001:000A8764 0000015C C=CODE     S=.text    G=(none)   M=InIOHandler ACBP=A9
 0001:000A88C0 00000784 C=CODE     S=.text    G=(none)   M=InRFCReply ACBP=A9
 0001:000A9044 00000B58 C=CODE     S=.text    G=(none)   M=InSocks  ACBP=A9
 0001:000A9B9C 00000038 C=CODE     S=.text    G=(none)   M=InTCPStream ACBP=A9
 0001:000A9BD4 000000B8 C=CODE     S=.text    G=(none)   M=InStream ACBP=A9
 0001:000A9C8C 00000874 C=CODE     S=.text    G=(none)   M=InIOHandlerSocket ACBP=A9
 0001:000AA500 00002378 C=CODE     S=.text    G=(none)   M=InTCPConnection ACBP=A9
 0001:000AC878 000006B8 C=CODE     S=.text    G=(none)   M=InThread ACBP=A9
 0001:000ACF30 0000016C C=CODE     S=.text    G=(none)   M=InThreadMgrDefault ACBP=A9
 0001:000AD09C 0000011C C=CODE     S=.text    G=(none)   M=InServerIOHandler ACBP=A9
 0001:000AD1B8 0000021C C=CODE     S=.text    G=(none)   M=InServerIOHandlerSocket ACBP=A9
 0001:000AD3D4 00000334 C=CODE     S=.text    G=(none)   M=InStrings ACBP=A9
 0001:000AD708 00000090 C=CODE     S=.text    G=(none)   M=InThreadSafe ACBP=A9
 0001:000AD798 000002C4 C=CODE     S=.text    G=(none)   M=InThreadMgr ACBP=A9
 0001:000ADA5C 00002420 C=CODE     S=.text    G=(none)   M=InTCPServer ACBP=A9
 0001:000AFE7C 0000161C C=CODE     S=.text    G=(none)   M=InCookie ACBP=A9
 0001:000B1498 00000358 C=CODE     S=.text    G=(none)   M=InCoder  ACBP=A9
 0001:000B17F0 00000920 C=CODE     S=.text    G=(none)   M=InCoder3to4 ACBP=A9
 0001:000B2110 000002BB C=CODE     S=.text    G=(none)   M=InCoderMIME ACBP=A9
 0001:000B23CC 00000874 C=CODE     S=.text    G=(none)   M=InAuthentication ACBP=A9
 0001:000B2C40 00001958 C=CODE     S=.text    G=(none)   M=InHTTPHeaderInfo ACBP=A9
 0001:000B4598 0000307C C=CODE     S=.text    G=(none)   M=InCustomHTTPServer ACBP=A9
 0001:000B7614 00000038 C=CODE     S=.text    G=(none)   M=WebCntxt ACBP=A9
 0001:000B764C 000000A9 C=CODE     S=.text    G=(none)   M=WebReq   ACBP=A9
 0001:000B76F8 00000038 C=CODE     S=.text    G=(none)   M=WebBroker ACBP=A9
 0001:000B7730 00001638 C=CODE     S=.text    G=(none)   M=InHTTPWebBrokerBridge ACBP=A9
 0001:000B8D68 00000058 C=CODE     S=.text    G=(none)   M=ComConst ACBP=A9
 0001:000B8DC0 00000E65 C=CODE     S=.text    G=(none)   M=ComObj   ACBP=A9
 0001:000B9C28 00001344 C=CODE     S=.text    G=(none)   M=InSSLOpenSSLHeaders ACBP=A9
 0001:000BAF6C 000026A0 C=CODE     S=.text    G=(none)   M=InSSLOpenSSL ACBP=A9
 0001:000BD60C 0000045C C=CODE     S=.text    G=(none)   M=InSync   ACBP=A9
 0001:000BDA68 000007BC C=CODE     S=.text    G=(none)   M=IWFileParser ACBP=A9
 0001:000BE224 000015CC C=CODE     S=.text    G=(none)   M=IWISAPIServer ACBP=A9
 0001:000BF7F0 00001BB8 C=CODE     S=.text    G=(none)   M=IWStandAloneServer ACBP=A9
 0001:000C13A8 0000041C C=CODE     S=.text    G=(none)   M=IWHTTPServer ACBP=A9
 0001:000C17C4 00001CF8 C=CODE     S=.text    G=(none)   M=iwmain   ACBP=A9
 0001:000C34BC 00000078 C=CODE     S=.text    G=(none)   M=WinSvc   ACBP=A9
 0001:000C3534 000024E9 C=CODE     S=.text    G=(none)   M=SvcMgr   ACBP=A9
 0001:000C5A20 000004F0 C=CODE     S=.text    G=(none)   M=SWService ACBP=A9
 0001:000C5F10 0000036E C=CODE     S=.text    G=(none)   M=IWInitStandAlone ACBP=A9
 0001:000C6280 000009E0 C=CODE     S=.text    G=(none)   M=MaskUtils ACBP=A9
 0001:000C6C60 00000070 C=CODE     S=.text    G=(none)   M=DateUtils ACBP=A9
 0001:000C6CD0 00000188 C=CODE     S=.text    G=(none)   M=DBConsts ACBP=A9
 0001:000C6E58 00000F73 C=CODE     S=.text    G=(none)   M=SqlTimSt ACBP=A9
 0001:000C7DCC 00004AFB C=CODE     S=.text    G=(none)   M=FMTBcd   ACBP=A9
 0001:000CC8C8 00014278 C=CODE     S=.text    G=(none)   M=DB       ACBP=A9
 0001:000E0B40 00000038 C=CODE     S=.text    G=(none)   M=DBCommon ACBP=A9
 0001:000E0B78 000002E4 C=CODE     S=.text    G=(none)   M=IBUtils  ACBP=A9
 0001:000E0E5C 00000038 C=CODE     S=.text    G=(none)   M=IBExternals ACBP=A9
 0001:000E0E94 00000038 C=CODE     S=.text    G=(none)   M=IBInstallHeader ACBP=A9
 0001:000E0ECC 00000400 C=CODE     S=.text    G=(none)   M=IBXConst ACBP=A9
 0001:000E12CC 00000B3C C=CODE     S=.text    G=(none)   M=IB       ACBP=A9
 0001:000E1E08 00000BF8 C=CODE     S=.text    G=(none)   M=IBIntf   ACBP=A9
 0001:000E2A00 00000048 C=CODE     S=.text    G=(none)   M=IBHeader ACBP=A9
 0001:000E2A48 00000038 C=CODE     S=.text    G=(none)   M=IBErrorCodes ACBP=A9
 0001:000E2A80 000078F4 C=CODE     S=.text    G=(none)   M=IBCustomDataSet ACBP=A9
 0001:000EA374 000007B4 C=CODE     S=.text    G=(none)   M=IBBlob   ACBP=A9
 0001:000EAB28 0000015C C=CODE     S=.text    G=(none)   M=IBServices ACBP=A9
 0001:000EAC84 000042E4 C=CODE     S=.text    G=(none)   M=IBSQL    ACBP=A9
 0001:000EEF68 000021A8 C=CODE     S=.text    G=(none)   M=IBSQLMonitor ACBP=A9
 0001:000F1110 00000294 C=CODE     S=.text    G=(none)   M=IBDatabaseInfo ACBP=A9
 0001:000F13A4 00004288 C=CODE     S=.text    G=(none)   M=IBDatabase ACBP=A9
 0001:000F562C 00000148 C=CODE     S=.text    G=(none)   M=DatamoduleUnit ACBP=A9
 0001:000F5774 00000258 C=CODE     S=.text    G=(none)   M=ServerController ACBP=A9
 0001:000F59CC 000004CC C=CODE     S=.text    G=(none)   M=IWCompLabel ACBP=A9
 0001:000F5E98 000015D8 C=CODE     S=.text    G=(none)   M=IWHTMLControls ACBP=A9
 0001:000F7470 00000CA0 C=CODE     S=.text    G=(none)   M=IWCompEdit ACBP=A9
 0001:000F8110 0000128C C=CODE     S=.text    G=(none)   M=IBQuery  ACBP=A9
 0001:000F939C 00000038 C=CODE     S=.text    G=(none)   M=Mask     ACBP=A9
 0001:000F93D4 00000090 C=CODE     S=.text    G=(none)   M=VDBConsts ACBP=A9
 0001:000F9464 00000728 C=CODE     S=.text    G=(none)   M=DBLogDlg ACBP=A9
 0001:000F9B8C 00000531 C=CODE     S=.text    G=(none)   M=DBPWDlg  ACBP=A9
 0001:000FA0C0 00000304 C=CODE     S=.text    G=(none)   M=DBCtrls  ACBP=A9
 0001:000FA3C4 00000038 C=CODE     S=.text    G=(none)   M=IWCompCheckbox ACBP=A9
 0001:000FA3FC 00000038 C=CODE     S=.text    G=(none)   M=IWCompListbox ACBP=A9
 0001:000FA434 00000038 C=CODE     S=.text    G=(none)   M=IWCompMemo ACBP=A9
 0001:000FA46C 000004E0 C=CODE     S=.text    G=(none)   M=IWDBStdCtrls ACBP=A9
 0001:000FA94C 00001EDC C=CODE     S=.text    G=(none)   M=IWDBGrids ACBP=A9
 0001:000FC828 00000038 C=CODE     S=.text    G=(none)   M=IWClientSideDatasetBase ACBP=A9
 0001:000FC860 00000038 C=CODE     S=.text    G=(none)   M=IWClientSideDatasetDBLink ACBP=A9
 0001:000FC898 00000038 C=CODE     S=.text    G=(none)   M=IWCompDynamicChartLegend ACBP=A9
 0001:000FC8D0 00000038 C=CODE     S=.text    G=(none)   M=IWCompDynamicChart ACBP=A9
 0001:000FC908 00000908 C=CODE     S=.text    G=(none)   M=Unit_Controle_Vendas ACBP=A9
 0001:000FD210 00000DE4 C=CODE     S=.text    G=(none)   M=Unit_Controle_Abastecimentos ACBP=A9
 0001:000FDFF4 0000049C C=CODE     S=.text    G=(none)   M=UnitFuncoes ACBP=A9
 0001:000FE490 00000704 C=CODE     S=.text    G=(none)   M=IWUnit1  ACBP=A9
 0001:000FEB94 0000067F C=CODE     S=.text    G=(none)   M=SAR_A    ACBP=A9
 0002:00000000 000000A0 C=DATA     S=.data    G=DGROUP   M=System   ACBP=A9
 0002:000000A0 00000020 C=DATA     S=.data    G=DGROUP   M=SysInit  ACBP=A9
 0002:000000C0 00000274 C=DATA     S=.data    G=DGROUP   M=SysUtils ACBP=A9
 0002:00000334 00000110 C=DATA     S=.data    G=DGROUP   M=VarUtils ACBP=A9
 0002:00000444 0000013A C=DATA     S=.data    G=DGROUP   M=Variants ACBP=A9
 0002:00000580 0000000C C=DATA     S=.data    G=DGROUP   M=TypInfo  ACBP=A9
 0002:0000058C 00000010 C=DATA     S=.data    G=DGROUP   M=ActiveX  ACBP=A9
 0002:0000059C 00000100 C=DATA     S=.data    G=DGROUP   M=Classes  ACBP=A9
 0002:0000069C 0000030C C=DATA     S=.data    G=DGROUP   M=Graphics ACBP=A9
 0002:000009A8 00000004 C=DATA     S=.data    G=DGROUP   M=Printers ACBP=A9
 0002:000009AC 00000020 C=DATA     S=.data    G=DGROUP   M=ToolWin  ACBP=A9
 0002:000009CC 000000B4 C=DATA     S=.data    G=DGROUP   M=Dialogs  ACBP=A9
 0002:00000A80 0000018C C=DATA     S=.data    G=DGROUP   M=ExtCtrls ACBP=A9
 0002:00000C0C 0000002C C=DATA     S=.data    G=DGROUP   M=Buttons  ACBP=A9
 0002:00000C38 00000008 C=DATA     S=.data    G=DGROUP   M=IniFiles ACBP=A9
 0002:00000C40 00000008 C=DATA     S=.data    G=DGROUP   M=Registry ACBP=A9
 0002:00000C48 00000008 C=DATA     S=.data    G=DGROUP   M=Mapi     ACBP=A9
 0002:00000C50 00000075 C=DATA     S=.data    G=DGROUP   M=ComCtrls ACBP=A9
 0002:00000CC8 00000068 C=DATA     S=.data    G=DGROUP   M=Themes   ACBP=A9
 0002:00000D30 00000080 C=DATA     S=.data    G=DGROUP   M=StdCtrls ACBP=A9
 0002:00000DB0 0000013C C=DATA     S=.data    G=DGROUP   M=Controls ACBP=A9
 0002:00000EEC 0000002C C=DATA     S=.data    G=DGROUP   M=ImgList  ACBP=A9
 0002:00000F18 000000EC C=DATA     S=.data    G=DGROUP   M=Menus    ACBP=A9
 0002:00001004 00000128 C=DATA     S=.data    G=DGROUP   M=Forms    ACBP=A9
 0002:0000112C 00000908 C=DATA     S=.data    G=DGROUP   M=jpeg     ACBP=A9
 0002:00001A34 0000004C C=DATA     S=.data    G=DGROUP   M=HTTPApp  ACBP=A9
 0002:00001A80 00000001 C=DATA     S=.data    G=DGROUP   M=IWTypes  ACBP=A9
 0002:00001A84 00000030 C=DATA     S=.data    G=DGROUP   M=SWSystem ACBP=A9
 0002:00001AB4 00000004 C=DATA     S=.data    G=DGROUP   M=IWServerControllerBase ACBP=A9
 0002:00001AB8 00000004 C=DATA     S=.data    G=DGROUP   M=IWServer ACBP=A9
 0002:00001ABC 0000000C C=DATA     S=.data    G=DGROUP   M=IWGrids  ACBP=A9
 0002:00001AC8 00000004 C=DATA     S=.data    G=DGROUP   M=IWLayoutMgrHTML ACBP=A9
 0002:00001ACC 00000028 C=DATA     S=.data    G=DGROUP   M=IWGlobal ACBP=A9
 0002:00001AF4 00000010 C=DATA     S=.data    G=DGROUP   M=IWApplication ACBP=A9
 0002:00001B04 0000000C C=DATA     S=.data    G=DGROUP   M=IWControl ACBP=A9
 0002:00001B10 00000544 C=DATA     S=.data    G=DGROUP   M=InWinsock2 ACBP=A9
 0002:00002054 00000004 C=DATA     S=.data    G=DGROUP   M=InStackConsts ACBP=A9
 0002:00002058 0000000C C=DATA     S=.data    G=DGROUP   M=InStack  ACBP=A9
 0002:00002064 00000001 C=DATA     S=.data    G=DGROUP   M=InStackWindows ACBP=A9
 0002:00002068 0000009C C=DATA     S=.data    G=DGROUP   M=InGlobal ACBP=A9
 0002:00002104 00000004 C=DATA     S=.data    G=DGROUP   M=IWInit   ACBP=A9
 0002:00002108 00000004 C=DATA     S=.data    G=DGROUP   M=InAntiFreezeBase ACBP=A9
 0002:0000210C 00000028 C=DATA     S=.data    G=DGROUP   M=InComponent ACBP=A9
 0002:00002134 00000004 C=DATA     S=.data    G=DGROUP   M=InTCPServer ACBP=A9
 0002:00002138 0000004C C=DATA     S=.data    G=DGROUP   M=InCookie ACBP=A9
 0002:00002184 00000004 C=DATA     S=.data    G=DGROUP   M=InCoderMIME ACBP=A9
 0002:00002188 00000004 C=DATA     S=.data    G=DGROUP   M=InAuthentication ACBP=A9
 0002:0000218C 00000004 C=DATA     S=.data    G=DGROUP   M=WebCntxt ACBP=A9
 0002:00002190 00000030 C=DATA     S=.data    G=DGROUP   M=ComObj   ACBP=A9
 0002:000021C0 00000140 C=DATA     S=.data    G=DGROUP   M=InSSLOpenSSLHeaders ACBP=A9
 0002:00002300 00000004 C=DATA     S=.data    G=DGROUP   M=InSSLOpenSSL ACBP=A9
 0002:00002304 00000004 C=DATA     S=.data    G=DGROUP   M=InSync   ACBP=A9
 0002:00002308 00000069 C=DATA     S=.data    G=DGROUP   M=SvcMgr   ACBP=A9
 0002:00002374 00000005 C=DATA     S=.data    G=DGROUP   M=MaskUtils ACBP=A9
 0002:0000237C 0000003C C=DATA     S=.data    G=DGROUP   M=SqlTimSt ACBP=A9
 0002:000023B8 00000065 C=DATA     S=.data    G=DGROUP   M=FMTBcd   ACBP=A9
 0002:00002420 0000021E C=DATA     S=.data    G=DGROUP   M=DB       ACBP=A9
 0002:00002640 000001E0 C=DATA     S=.data    G=DGROUP   M=IB       ACBP=A9
 0002:00002820 0000009C C=DATA     S=.data    G=DGROUP   M=IBCustomDataSet ACBP=A9
 0002:000028BC 00000030 C=DATA     S=.data    G=DGROUP   M=IBServices ACBP=A9
 0002:000028EC 00000018 C=DATA     S=.data    G=DGROUP   M=IBSQLMonitor ACBP=A9
 0002:00002904 0000015C C=DATA     S=.data    G=DGROUP   M=IBDatabase ACBP=A9
 0002:00002A60 00000028 C=DATA     S=.data    G=DGROUP   M=DBCtrls  ACBP=A9
 0002:00002A88 00000050 C=DATA     S=.data    G=DGROUP   M=IWDBStdCtrls ACBP=A9
 0002:00004000 00000664 C=BSS      S=.bss     G=DGROUP   M=System   ACBP=A9
 0002:00004664 00000010 C=BSS      S=.bss     G=DGROUP   M=SysInit  ACBP=A9
 0002:00004674 00000004 C=BSS      S=.bss     G=DGROUP   M=Types    ACBP=A9
 0002:00004678 00000004 C=BSS      S=.bss     G=DGROUP   M=Windows  ACBP=A9
 0002:0000467C 00000004 C=BSS      S=.bss     G=DGROUP   M=Messages ACBP=A9
 0002:00004680 00000004 C=BSS      S=.bss     G=DGROUP   M=SysConst ACBP=A9
 0002:00004684 00000120 C=BSS      S=.bss     G=DGROUP   M=SysUtils ACBP=A9
 0002:000047A4 0000005C C=BSS      S=.bss     G=DGROUP   M=VarUtils ACBP=A9
 0002:00004800 00000040 C=BSS      S=.bss     G=DGROUP   M=Variants ACBP=A9
 0002:00004840 00000004 C=BSS      S=.bss     G=DGROUP   M=RTLConsts ACBP=A9
 0002:00004844 00000004 C=BSS      S=.bss     G=DGROUP   M=TypInfo  ACBP=A9
 0002:00004848 00000004 C=BSS      S=.bss     G=DGROUP   M=ActiveX  ACBP=A9
 0002:0000484C 00000044 C=BSS      S=.bss     G=DGROUP   M=Classes  ACBP=A9
 0002:00004890 00000004 C=BSS      S=.bss     G=DGROUP   M=Consts   ACBP=A9
 0002:00004894 00000060 C=BSS      S=.bss     G=DGROUP   M=Graphics ACBP=A9
 0002:000048F4 00000004 C=BSS      S=.bss     G=DGROUP   M=Math     ACBP=A9
 0002:000048F8 00000004 C=BSS      S=.bss     G=DGROUP   M=Contnrs  ACBP=A9
 0002:000048FC 0000000C C=BSS      S=.bss     G=DGROUP   M=CommCtrl ACBP=A9
 0002:00004908 00000031 C=BSS      S=.bss     G=DGROUP   M=MultiMon ACBP=A9
 0002:0000493C 00000004 C=BSS      S=.bss     G=DGROUP   M=Imm      ACBP=A9
 0002:00004940 00000008 C=BSS      S=.bss     G=DGROUP   M=HelpIntfs ACBP=A9
 0002:00004948 00000004 C=BSS      S=.bss     G=DGROUP   M=WinSpool ACBP=A9
 0002:0000494C 00000004 C=BSS      S=.bss     G=DGROUP   M=Printers ACBP=A9
 0002:00004950 00000034 C=BSS      S=.bss     G=DGROUP   M=FlatSB   ACBP=A9
 0002:00004984 00000004 C=BSS      S=.bss     G=DGROUP   M=SyncObjs ACBP=A9
 0002:00004988 000000CC C=BSS      S=.bss     G=DGROUP   M=UxTheme  ACBP=A9
 0002:00004A54 00000004 C=BSS      S=.bss     G=DGROUP   M=RichEdit ACBP=A9
 0002:00004A58 00000004 C=BSS      S=.bss     G=DGROUP   M=ToolWin  ACBP=A9
 0002:00004A5C 00000004 C=BSS      S=.bss     G=DGROUP   M=ShellAPI ACBP=A9
 0002:00004A60 00000004 C=BSS      S=.bss     G=DGROUP   M=RegStr   ACBP=A9
 0002:00004A64 00000004 C=BSS      S=.bss     G=DGROUP   M=WinInet  ACBP=A9
 0002:00004A68 00000004 C=BSS      S=.bss     G=DGROUP   M=UrlMon   ACBP=A9
 0002:00004A6C 00000004 C=BSS      S=.bss     G=DGROUP   M=ShlObj   ACBP=A9
 0002:00004A70 00000004 C=BSS      S=.bss     G=DGROUP   M=CommDlg  ACBP=A9
 0002:00004A74 00000004 C=BSS      S=.bss     G=DGROUP   M=Dlgs     ACBP=A9
 0002:00004A78 00000038 C=BSS      S=.bss     G=DGROUP   M=Dialogs  ACBP=A9
 0002:00004AB0 00000004 C=BSS      S=.bss     G=DGROUP   M=ExtCtrls ACBP=A9
 0002:00004AB4 00000004 C=BSS      S=.bss     G=DGROUP   M=ComStrs  ACBP=A9
 0002:00004AB8 0000000C C=BSS      S=.bss     G=DGROUP   M=Clipbrd  ACBP=A9
 0002:00004AC4 00000004 C=BSS      S=.bss     G=DGROUP   M=StrUtils ACBP=A9
 0002:00004AC8 00000030 C=BSS      S=.bss     G=DGROUP   M=Buttons  ACBP=A9
 0002:00004AF8 00000004 C=BSS      S=.bss     G=DGROUP   M=ExtDlgs  ACBP=A9
 0002:00004AFC 00000004 C=BSS      S=.bss     G=DGROUP   M=IniFiles ACBP=A9
 0002:00004B00 00000004 C=BSS      S=.bss     G=DGROUP   M=Registry ACBP=A9
 0002:00004B04 00000004 C=BSS      S=.bss     G=DGROUP   M=Mapi     ACBP=A9
 0002:00004B08 00000009 C=BSS      S=.bss     G=DGROUP   M=ExtActns ACBP=A9
 0002:00004B14 00000004 C=BSS      S=.bss     G=DGROUP   M=ListActns ACBP=A9
 0002:00004B18 00000034 C=BSS      S=.bss     G=DGROUP   M=ComCtrls ACBP=A9
 0002:00004B4C 00000008 C=BSS      S=.bss     G=DGROUP   M=Themes   ACBP=A9
 0002:00004B54 00000004 C=BSS      S=.bss     G=DGROUP   M=StdCtrls ACBP=A9
 0002:00004B58 00000004 C=BSS      S=.bss     G=DGROUP   M=StdActns ACBP=A9
 0002:00004B5C 00000014 C=BSS      S=.bss     G=DGROUP   M=WinHelpViewer ACBP=A9
 0002:00004B70 00000080 C=BSS      S=.bss     G=DGROUP   M=Controls ACBP=A9
 0002:00004BF0 00000004 C=BSS      S=.bss     G=DGROUP   M=ActnList ACBP=A9
 0002:00004BF4 0000000C C=BSS      S=.bss     G=DGROUP   M=ImgList  ACBP=A9
 0002:00004C00 00000010 C=BSS      S=.bss     G=DGROUP   M=Menus    ACBP=A9
 0002:00004C10 00000020 C=BSS      S=.bss     G=DGROUP   M=Forms    ACBP=A9
 0002:00004C30 00000004 C=BSS      S=.bss     G=DGROUP   M=JConsts  ACBP=A9
 0002:00004C34 00000004 C=BSS      S=.bss     G=DGROUP   M=jpeg     ACBP=A9
 0002:00004C38 00000004 C=BSS      S=.bss     G=DGROUP   M=Masks    ACBP=A9
 0002:00004C3C 00000004 C=BSS      S=.bss     G=DGROUP   M=WebConst ACBP=A9
 0002:00004C40 00000004 C=BSS      S=.bss     G=DGROUP   M=BrkrConst ACBP=A9
 0002:00004C44 00000008 C=BSS      S=.bss     G=DGROUP   M=HTTPApp  ACBP=A9
 0002:00004C4C 00000004 C=BSS      S=.bss     G=DGROUP   M=IWTypes  ACBP=A9
 0002:00004C50 00000004 C=BSS      S=.bss     G=DGROUP   M=IWFileReference ACBP=A9
 0002:00004C54 00000004 C=BSS      S=.bss     G=DGROUP   M=IWLayoutMgrHTMLInterface ACBP=A9
 0002:00004C58 00000004 C=BSS      S=.bss     G=DGROUP   M=CopyPrsr ACBP=A9
 0002:00004C5C 00000004 C=BSS      S=.bss     G=DGROUP   M=IWResourceStrings ACBP=A9
 0002:00004C60 00000004 C=BSS      S=.bss     G=DGROUP   M=SWSystem ACBP=A9
 0002:00004C64 00000004 C=BSS      S=.bss     G=DGROUP   M=IWServerControllerBase ACBP=A9
 0002:00004C68 00000008 C=BSS      S=.bss     G=DGROUP   M=SWStrings ACBP=A9
 0002:00004C70 00000004 C=BSS      S=.bss     G=DGROUP   M=IWExtCtrls ACBP=A9
 0002:00004C74 00000004 C=BSS      S=.bss     G=DGROUP   M=IWServer ACBP=A9
 0002:00004C78 00000004 C=BSS      S=.bss     G=DGROUP   M=IWGrids  ACBP=A9
 0002:00004C7C 00000004 C=BSS      S=.bss     G=DGROUP   M=IWCompRectangle ACBP=A9
 0002:00004C80 00000004 C=BSS      S=.bss     G=DGROUP   M=IWRegion ACBP=A9
 0002:00004C84 00000004 C=BSS      S=.bss     G=DGROUP   M=IWTemplateProcessorHTML ACBP=A9
 0002:00004C88 00000004 C=BSS      S=.bss     G=DGROUP   M=IWLayoutMgrHTML ACBP=A9
 0002:00004C8C 00000004 C=BSS      S=.bss     G=DGROUP   M=IWContainer ACBP=A9
 0002:00004C90 00000004 C=BSS      S=.bss     G=DGROUP   M=IWFormDsn ACBP=A9
 0002:00004C94 00000004 C=BSS      S=.bss     G=DGROUP   M=IWLayoutMgrForm ACBP=A9
 0002:00004C98 00000004 C=BSS      S=.bss     G=DGROUP   M=IWScriptEvents ACBP=A9
 0002:00004C9C 00000004 C=BSS      S=.bss     G=DGROUP   M=IWForm   ACBP=A9
 0002:00004CA0 00000004 C=BSS      S=.bss     G=DGROUP   M=IWGlobal ACBP=A9
 0002:00004CA4 00000004 C=BSS      S=.bss     G=DGROUP   M=IWLayoutMgr ACBP=A9
 0002:00004CA8 00000004 C=BSS      S=.bss     G=DGROUP   M=IWControlInterface ACBP=A9
 0002:00004CAC 00000004 C=BSS      S=.bss     G=DGROUP   M=IWHTMLTag ACBP=A9
 0002:00004CB0 00000004 C=BSS      S=.bss     G=DGROUP   M=IWFont   ACBP=A9
 0002:00004CB4 00000004 C=BSS      S=.bss     G=DGROUP   M=IWCompButton ACBP=A9
 0002:00004CB8 00000004 C=BSS      S=.bss     G=DGROUP   M=IWCompText ACBP=A9
 0002:00004CBC 00000004 C=BSS      S=.bss     G=DGROUP   M=IWApplication ACBP=A9
 0002:00004CC0 00000004 C=BSS      S=.bss     G=DGROUP   M=IWControl ACBP=A9
 0002:00004CC4 00000004 C=BSS      S=.bss     G=DGROUP   M=IWAppForm ACBP=A9
 0002:00004CC8 00000004 C=BSS      S=.bss     G=DGROUP   M=InException ACBP=A9
 0002:00004CCC 00000004 C=BSS      S=.bss     G=DGROUP   M=InResourceStrings ACBP=A9
 0002:00004CD0 000001C8 C=BSS      S=.bss     G=DGROUP   M=InWinsock2 ACBP=A9
 0002:00004E98 00000004 C=BSS      S=.bss     G=DGROUP   M=InStackConsts ACBP=A9
 0002:00004E9C 00000008 C=BSS      S=.bss     G=DGROUP   M=InStack  ACBP=A9
 0002:00004EA4 00000004 C=BSS      S=.bss     G=DGROUP   M=InStackWindows ACBP=A9
 0002:00004EA8 00000004 C=BSS      S=.bss     G=DGROUP   M=InURI    ACBP=A9
 0002:00004EAC 00000014 C=BSS      S=.bss     G=DGROUP   M=InGlobal ACBP=A9
 0002:00004EC0 00000004 C=BSS      S=.bss     G=DGROUP   M=IWLicenseKey ACBP=A9
 0002:00004EC4 00000008 C=BSS      S=.bss     G=DGROUP   M=IWInit   ACBP=A9
 0002:00004ECC 00000004 C=BSS      S=.bss     G=DGROUP   M=InAssignedNumbers ACBP=A9
 0002:00004ED0 00000004 C=BSS      S=.bss     G=DGROUP   M=InHeaderList ACBP=A9
 0002:00004ED4 00000004 C=BSS      S=.bss     G=DGROUP   M=InBaseComponent ACBP=A9
 0002:00004ED8 00000004 C=BSS      S=.bss     G=DGROUP   M=InAntiFreezeBase ACBP=A9
 0002:00004EDC 00000008 C=BSS      S=.bss     G=DGROUP   M=InComponent ACBP=A9
 0002:00004EE4 00000004 C=BSS      S=.bss     G=DGROUP   M=InSocketHandle ACBP=A9
 0002:00004EE8 00000004 C=BSS      S=.bss     G=DGROUP   M=InIntercept ACBP=A9
 0002:00004EEC 00000004 C=BSS      S=.bss     G=DGROUP   M=InIOHandler ACBP=A9
 0002:00004EF0 00000004 C=BSS      S=.bss     G=DGROUP   M=InRFCReply ACBP=A9
 0002:00004EF4 00000004 C=BSS      S=.bss     G=DGROUP   M=InSocks  ACBP=A9
 0002:00004EF8 00000004 C=BSS      S=.bss     G=DGROUP   M=InTCPStream ACBP=A9
 0002:00004EFC 00000004 C=BSS      S=.bss     G=DGROUP   M=InStream ACBP=A9
 0002:00004F00 00000004 C=BSS      S=.bss     G=DGROUP   M=InIOHandlerSocket ACBP=A9
 0002:00004F04 00000004 C=BSS      S=.bss     G=DGROUP   M=InTCPConnection ACBP=A9
 0002:00004F08 00000004 C=BSS      S=.bss     G=DGROUP   M=InThread ACBP=A9
 0002:00004F0C 00000004 C=BSS      S=.bss     G=DGROUP   M=InThreadMgrDefault ACBP=A9
 0002:00004F10 00000004 C=BSS      S=.bss     G=DGROUP   M=InServerIOHandler ACBP=A9
 0002:00004F14 00000004 C=BSS      S=.bss     G=DGROUP   M=InServerIOHandlerSocket ACBP=A9
 0002:00004F18 00000004 C=BSS      S=.bss     G=DGROUP   M=InStrings ACBP=A9
 0002:00004F1C 00000004 C=BSS      S=.bss     G=DGROUP   M=InThreadSafe ACBP=A9
 0002:00004F20 00000004 C=BSS      S=.bss     G=DGROUP   M=InThreadMgr ACBP=A9
 0002:00004F24 00000004 C=BSS      S=.bss     G=DGROUP   M=InTCPServer ACBP=A9
 0002:00004F28 00000004 C=BSS      S=.bss     G=DGROUP   M=InCookie ACBP=A9
 0002:00004F2C 00000004 C=BSS      S=.bss     G=DGROUP   M=InCoder  ACBP=A9
 0002:00004F30 00000004 C=BSS      S=.bss     G=DGROUP   M=InCoder3to4 ACBP=A9
 0002:00004F34 00000084 C=BSS      S=.bss     G=DGROUP   M=InCoderMIME ACBP=A9
 0002:00004FB8 00000004 C=BSS      S=.bss     G=DGROUP   M=InAuthentication ACBP=A9
 0002:00004FBC 00000004 C=BSS      S=.bss     G=DGROUP   M=InHTTPHeaderInfo ACBP=A9
 0002:00004FC0 00000004 C=BSS      S=.bss     G=DGROUP   M=InCustomHTTPServer ACBP=A9
 0002:00004FC4 0000000C C=BSS      S=.bss     G=DGROUP   M=WebCntxt ACBP=A9
 0002:00004FD0 00000004 C=BSS      S=.bss     G=DGROUP   M=WebReq   ACBP=A9
 0002:00004FD4 00000004 C=BSS      S=.bss     G=DGROUP   M=WebBroker ACBP=A9
 0002:00004FD8 00000004 C=BSS      S=.bss     G=DGROUP   M=InHTTPWebBrokerBridge ACBP=A9
 0002:00004FDC 00000004 C=BSS      S=.bss     G=DGROUP   M=ComConst ACBP=A9
 0002:00004FE0 00000011 C=BSS      S=.bss     G=DGROUP   M=ComObj   ACBP=A9
 0002:00004FF4 00000004 C=BSS      S=.bss     G=DGROUP   M=InSSLOpenSSLHeaders ACBP=A9
 0002:00004FF8 00000010 C=BSS      S=.bss     G=DGROUP   M=InSSLOpenSSL ACBP=A9
 0002:00005008 00000004 C=BSS      S=.bss     G=DGROUP   M=InSync   ACBP=A9
 0002:0000500C 00000004 C=BSS      S=.bss     G=DGROUP   M=IWFileParser ACBP=A9
 0002:00005010 00000004 C=BSS      S=.bss     G=DGROUP   M=IWISAPIServer ACBP=A9
 0002:00005014 00000004 C=BSS      S=.bss     G=DGROUP   M=IWStandAloneServer ACBP=A9
 0002:00005018 00000008 C=BSS      S=.bss     G=DGROUP   M=IWHTTPServer ACBP=A9
 0002:00005020 00000008 C=BSS      S=.bss     G=DGROUP   M=iwmain   ACBP=A9
 0002:00005028 00000004 C=BSS      S=.bss     G=DGROUP   M=WinSvc   ACBP=A9
 0002:0000502C 00000004 C=BSS      S=.bss     G=DGROUP   M=SvcMgr   ACBP=A9
 0002:00005030 00000008 C=BSS      S=.bss     G=DGROUP   M=SWService ACBP=A9
 0002:00005038 00000004 C=BSS      S=.bss     G=DGROUP   M=IWInitStandAlone ACBP=A9
 0002:0000503C 00000004 C=BSS      S=.bss     G=DGROUP   M=MaskUtils ACBP=A9
 0002:00005040 00000004 C=BSS      S=.bss     G=DGROUP   M=DateUtils ACBP=A9
 0002:00005044 00000004 C=BSS      S=.bss     G=DGROUP   M=DBConsts ACBP=A9
 0002:00005048 00000004 C=BSS      S=.bss     G=DGROUP   M=SqlTimSt ACBP=A9
 0002:0000504C 00000004 C=BSS      S=.bss     G=DGROUP   M=FMTBcd   ACBP=A9
 0002:00005050 00000020 C=BSS      S=.bss     G=DGROUP   M=DB       ACBP=A9
 0002:00005070 00000004 C=BSS      S=.bss     G=DGROUP   M=DBCommon ACBP=A9
 0002:00005074 00000004 C=BSS      S=.bss     G=DGROUP   M=IBUtils  ACBP=A9
 0002:00005078 00000004 C=BSS      S=.bss     G=DGROUP   M=IBExternals ACBP=A9
 0002:0000507C 00000004 C=BSS      S=.bss     G=DGROUP   M=IBInstallHeader ACBP=A9
 0002:00005080 00000004 C=BSS      S=.bss     G=DGROUP   M=IBXConst ACBP=A9
 0002:00005084 0000001D C=BSS      S=.bss     G=DGROUP   M=IB       ACBP=A9
 0002:000050A4 000000E8 C=BSS      S=.bss     G=DGROUP   M=IBIntf   ACBP=A9
 0002:0000518C 00000004 C=BSS      S=.bss     G=DGROUP   M=IBHeader ACBP=A9
 0002:00005190 00000004 C=BSS      S=.bss     G=DGROUP   M=IBErrorCodes ACBP=A9
 0002:00005194 00000004 C=BSS      S=.bss     G=DGROUP   M=IBCustomDataSet ACBP=A9
 0002:00005198 00000004 C=BSS      S=.bss     G=DGROUP   M=IBBlob   ACBP=A9
 0002:0000519C 00000004 C=BSS      S=.bss     G=DGROUP   M=IBServices ACBP=A9
 0002:000051A0 00000004 C=BSS      S=.bss     G=DGROUP   M=IBSQL    ACBP=A9
 0002:000051A4 0000005C C=BSS      S=.bss     G=DGROUP   M=IBSQLMonitor ACBP=A9
 0002:00005200 00000004 C=BSS      S=.bss     G=DGROUP   M=IBDatabaseInfo ACBP=A9
 0002:00005204 00000004 C=BSS      S=.bss     G=DGROUP   M=IBDatabase ACBP=A9
 0002:00005208 00000004 C=BSS      S=.bss     G=DGROUP   M=DatamoduleUnit ACBP=A9
 0002:0000520C 00000004 C=BSS      S=.bss     G=DGROUP   M=ServerController ACBP=A9
 0002:00005210 00000004 C=BSS      S=.bss     G=DGROUP   M=IWCompLabel ACBP=A9
 0002:00005214 00000004 C=BSS      S=.bss     G=DGROUP   M=IWHTMLControls ACBP=A9
 0002:00005218 00000004 C=BSS      S=.bss     G=DGROUP   M=IWCompEdit ACBP=A9
 0002:0000521C 00000004 C=BSS      S=.bss     G=DGROUP   M=IBQuery  ACBP=A9
 0002:00005220 00000004 C=BSS      S=.bss     G=DGROUP   M=Mask     ACBP=A9
 0002:00005224 00000004 C=BSS      S=.bss     G=DGROUP   M=VDBConsts ACBP=A9
 0002:00005228 00000004 C=BSS      S=.bss     G=DGROUP   M=DBLogDlg ACBP=A9
 0002:0000522C 00000004 C=BSS      S=.bss     G=DGROUP   M=DBPWDlg  ACBP=A9
 0002:00005230 00000004 C=BSS      S=.bss     G=DGROUP   M=DBCtrls  ACBP=A9
 0002:00005234 00000004 C=BSS      S=.bss     G=DGROUP   M=IWCompCheckbox ACBP=A9
 0002:00005238 00000004 C=BSS      S=.bss     G=DGROUP   M=IWCompListbox ACBP=A9
 0002:0000523C 00000004 C=BSS      S=.bss     G=DGROUP   M=IWCompMemo ACBP=A9
 0002:00005240 00000004 C=BSS      S=.bss     G=DGROUP   M=IWDBStdCtrls ACBP=A9
 0002:00005244 00000004 C=BSS      S=.bss     G=DGROUP   M=IWDBGrids ACBP=A9
 0002:00005248 00000004 C=BSS      S=.bss     G=DGROUP   M=IWClientSideDatasetBase ACBP=A9
 0002:0000524C 00000004 C=BSS      S=.bss     G=DGROUP   M=IWClientSideDatasetDBLink ACBP=A9
 0002:00005250 00000004 C=BSS      S=.bss     G=DGROUP   M=IWCompDynamicChartLegend ACBP=A9
 0002:00005254 00000004 C=BSS      S=.bss     G=DGROUP   M=IWCompDynamicChart ACBP=A9
 0002:00005258 00000004 C=BSS      S=.bss     G=DGROUP   M=Unit_Controle_Vendas ACBP=A9
 0002:0000525C 00000004 C=BSS      S=.bss     G=DGROUP   M=Unit_Controle_Abastecimentos ACBP=A9
 0002:00005260 00000004 C=BSS      S=.bss     G=DGROUP   M=UnitFuncoes ACBP=A9
 0002:00005264 00000004 C=BSS      S=.bss     G=DGROUP   M=IWUnit1  ACBP=A9


  Address         Publics by Name

 0001:00081870       ..
 0001:00076260       ..
 0001:00082198       ..
 0001:0007684C       ..
 0002:00001974       ..
 0001:000826B0       ..
 0001:00076DF4       ..
 0002:000012C8       ..
 0001:00077A3C       ..
 0001:0008371C       ..
 0001:00078D3C       ..
 0001:00079414       ..
 0001:0007A4A4       ..
 0001:0007BFBC       ..
 0001:0007A798       ..
 0002:000013D4       ..
 0002:000015D4       ..
 0001:000811E8       ..
 0001:0007EFF4       ..
 0001:00072BE0       ..
 0002:000011B8       ..
 0001:00073844       ..
 0001:0007F81C       ..
 0001:0007E048       ..
 0001:00073DA8       ..
 0001:0007426C       ..
 0001:000749AC       ..
 0002:000011C8       ..
 0001:000809E4       ..
 0001:000804A8       ..
 0001:0008034C       ..
 0001:0007DF38       ..
 0001:0007AA68       ..
 0001:000756D4       ..
 0002:00001248       ..
 0002:00005194       .01
 0002:00004680       .1
 0002:00004C40       .1
 0002:00005028       .1
 0002:00004EC0       .1
 0002:00004C3C       .1
 0002:00004C54       .1
 0002:00005040       .1
 0002:00004C30       .1
 0002:000048FC       .1
 0002:00004CA8       .1
 0002:00004840       .1
 0002:00005044       .1
 0002:00004CCC       .1
 0002:00004E98       .1
 0002:00005048       .1
 0002:00004AC4       .1
 0002:00004B04       .1
 0002:00004C5C       .1
 0002:00004AB4       .1
 0002:00004C68       .1
 0002:0000518C       .1
 0002:00004FDC       .1
 0002:0000467C       .1
 0002:00004EC8       .1
 0002:00004ECC       .1
 0002:00004970       .1
 0002:00005190       .1
 0002:00005080       .1
 0002:00004A44       .1
 0002:00004A54       .1
 0002:0000507C       .1
 0002:00004674       .1
 0002:00005078       .1
 0002:00005038       .1
 0002:0000466C       .1
 0002:00005260       .1
 0002:00004A5C       .1
 0002:00004B64       .1
 0002:00004C4C       .1
 0002:00004A60       .1
 0002:00004A64       .1
 0002:00004A68       .1
 0002:00004A6C       .1
 0002:00005074       .1
 0002:00004A70       .1
 0002:00005224       .1
 0002:00004A74       .1
 0002:00004890       .1
 0002:0000517C       .1
 0002:00004928       .1
 0002:00004F18       .1
 0002:0000493C       .1
 0002:00004FF4       .1
 0002:00004EB4       .11
 0002:00004F24       .11
 0002:000051A0       .11
 0002:00004A78       .11
 0002:00004AB0       .12
 0002:00004898       .12
 0002:00005264       .2
 0002:0000522C       .2
 0002:00004F14       .2
 0002:00004F10       .2
 0002:00004F0C       .2
 0002:00005228       .2
 0002:00004F00       .2
 0002:00004B4C       .2
 0002:00004EF8       .2
 0002:00004EF4       .2
 0002:00004EEC       .2
 0002:00005248       .2
 0002:00004ED8       .2
 0002:0000524C       .2
 0002:00004ED4       .2
 0002:00004ED0       .2
 0002:00004940       .2
 0002:000048F4       .2
 0002:00005208       .2
 0002:00005200       .2
 0002:0000525C       .2
 0002:00004CC4       .2
 0002:00004CB0       .2
 0002:00004CA4       .2
 0002:00005258       .2
 0002:00004C94       .2
 0002:00004C90       .2
 0002:00004FD4       .2
 0002:00004C8C       .2
 0002:00004C88       .2
 0002:00004C80       .2
 0002:00004C64       .2
 0002:00005010       .2
 0002:0000503C       .2
 0002:00005014       .2
 0002:0000501C       .2
 0002:00005024       .2
 0002:00004ABC       .2
 0002:00005198       .2
 0002:00004C58       .2
 0002:00004C50       .2
 0002:0000521C       .2
 0002:000048F8       .21
 0002:00004FC0       .21
 0002:00005230       .22
 0002:00004FF8       .22
 0002:00004C44       .22
 0002:0000519C       .23
 0002:00005254       .3
 0002:00004FB4       .3
 0002:00004F30       .3
 0002:00005210       .3
 0002:000051A4       .3
 0002:0000520C       .3
 0002:00004EFC       .3
 0002:00004F2C       .3
 0002:00005234       .3
 0002:00004C34       .3
 0002:00004C98       .3
 0002:00004678       .3
 0002:00004C9C       .3
 0002:00004CA0       .3
 0002:0000523C       .3
 0002:00004EDC       .3
 0002:00004C84       .3
 0002:00004C60       .3
 0002:00004CB4       .3
 0002:00004CB8       .3
 0002:00005250       .3
 0002:00004CBC       .3
 0002:00004BF4       .3
 0002:0000494C       .3
 0002:00004E90       .3
 0002:00004AF8       .3
 0002:00004948       .3
 0002:00004EA4       .3
 0002:00004848       .3
 0002:0000504C       .3
 0002:00004EA8       .3
 0002:00004C74       .3
 0002:00005034       .3
 0002:00004C7C       .3
 0002:00004EF0       .3
 0002:00005070       .3
 0002:00004C38       .3
 0002:00004F04       .31
 0002:00004794       .35
 0002:00004B18       .36
 0002:0000506C       .36
 0002:00004FB8       .4
 0002:00005244       .4
 0002:00004A58       .4
 0002:00005008       .4
 0002:00004EE8       .4
 0002:00004FD0       .4
 0002:00004CC0       .4
 0002:0000500C       .4
 0002:00004FD8       .4
 0002:00004F20       .4
 0002:00004AC8       .4
 0002:00004C18       .41
 0002:00005240       .41
 0002:00004FE0       .41
 0002:00004B54       .42
 0002:00004858       .45
 0002:00005218       .5
 0002:000047FC       .5
 0002:00004F08       .5
 0002:00004B00       .5
 0002:00004FBC       .5
 0002:000045BC       .5
 0002:00005220       .5
 0002:00004FCC       .5
 0002:00005238       .6
 0002:00004984       .6
 0002:00004EA0       .6
 0002:00004CAC       .6
 0002:0000509C       .6
 0002:00004844       .6
 0002:00004CC8       .64
 0002:0000502C       .7
 0002:00004F1C       .7
 0002:00004B08       .72
 0002:00004B78       .72
 0002:00004B58       .73
 0002:00004BF0       .8
 0002:00004C70       .8
 0002:00005204       .8
 0002:00004B14       .8
 0002:00004AFC       .8
 0002:00004820       .81
 0002:00004F28       .9
 0002:00005214       .9
 0002:00004C08       .9
 0002:00004C78       .9
 0002:00004EE4       .9
 0001:00001C2C       @AbstractError
 0001:00003F84       @AddRefArray
 0001:00003F3C       @AddRefRecord
 0001:000028DC       @AfterConstruction
 0001:000026D0       @AsClass
 0001:000032CC       @Assert
 0001:00001DD0       @AStrCmp
 0001:000028EC       @BeforeDestruction
 0001:00002458       @BoundErr
 0001:0000271C       @CallDynaInst
 0001:00002884       @ClassCreate
 0001:000028D4       @ClassDestroy
 0001:00001C9C       @Close
 0001:00001920       @Copy
 0001:00004178       @CopyArray
 0001:0000405C       @CopyRecord
 0001:000042E4       @DispCallByIDError
 0001:0000FA4C       @DispInvokeError
 0001:00004280       @Dispose
 0001:00002D68       @DoneExcept
 0001:00004A54       @DynArrayAddRef
 0001:00004A2C       @DynArrayAsg
 0001:000049F0       @DynArrayClear
 0001:000048DC       @DynArrayCopy
 0001:000048FC       @DynArrayCopyRange
 0001:0000471C       @DynArrayHigh
 0001:00004714       @DynArrayLength
 0001:000048D0       @DynArraySetLength
 0001:00002E50       @ExceptionHandler
 0001:00001BC0       @EXP
 0001:00001E40       @FillChar
 0001:00003F30       @Finalize
 0001:00003E44       @FinalizeArray
 0001:00003DF8       @FinalizeRecord
 0001:00002734       @FindDynaInst
 0001:0000244C       @FpuInit
 0001:00002388       @FpuMaskInit
 0001:00001BD8       @FRAC
 0001:000017A8       @FreeMem
 0001:00001788       @GetMem
 0001:000057D8       @GetTls
 0001:000032B4       @Halt
 0001:000031DC       @Halt0
 0001:00002A00       @HandleAnyException
 0001:00002CB4       @HandleFinally
 0001:00002B2C       @HandleOnException
 0001:00005824       @InitExe
 0001:00003DEC       @Initialize
 0001:00003D58       @InitializeArray
 0001:00003D28       @InitializeRecord
 0001:00003084       @InitImports
 0001:0000305C       @InitResStringImports
 0001:00003038       @InitResStrings
 0001:000030A8       @InitWideStrings
 0001:0000511C       @IntfAddRef
 0001:000050EC       @IntfCast
 0001:000050A8       @IntfClear
 0001:000050C0       @IntfCopy
 0001:00002460       @IntOver
 0001:000026AC       @IsClass
 0001:00002358       @isNECWindows
 0001:0007DE88       @jcopy_block_row
 0001:0007DE3C       @jcopy_sample_rows
 0001:0007DE14       @jdiv_round_up
 0001:000779A8       @jinit_1pass_quantizer
 0001:00078C1C       @jinit_2pass_quantizer
 0001:00081624       @jinit_color_converter
 0001:00076C28       @jinit_color_deconverter
 0001:0007EF48       @jinit_compress_master
 0001:00081120       @jinit_c_coef_controller
 0001:00080424       @jinit_c_main_controller
 0001:00080284       @jinit_c_master_control
 0001:0008093C       @jinit_c_prep_controller
 0001:00082010       @jinit_downsampler
 0001:0007A390       @jinit_d_coef_controller
 0001:00079334       @jinit_d_main_controller
 0001:0007A704       @jinit_d_post_controller
 0001:00082634       @jinit_forward_dct
 0001:00076220       @jinit_huff_decoder
 0001:00084378       @jinit_huff_encoder
 0001:00073D60       @jinit_input_controller
 0001:0007A9EC       @jinit_inverse_dct
 0001:0007DCB8       @jinit_marker_reader
 0001:0007F7C8       @jinit_marker_writer
 0001:00074974       @jinit_master_decompress
 0001:0007370C       @jinit_memory_mgr
 0001:000767CC       @jinit_merged_upsampler
 0001:00075660       @jinit_phuff_decoder
 0001:00083140       @jinit_phuff_encoder
 0001:0007AF4C       @jinit_upsampler
 0001:0007DEA8       @jpeg_abort
 0001:0007DF20       @jpeg_alloc_huff_table
 0001:0007DF08       @jpeg_alloc_quant_table
 0001:000833F0       @jpeg_fdct_float
 0001:00083184       @jpeg_fdct_ifast
 0001:00075B08       @jpeg_fill_bit_buffer
 0001:00073818       @jpeg_free_large
 0001:00073808       @jpeg_free_small
 0001:000840BC       @jpeg_gen_optimal_table
 0001:00073810       @jpeg_get_large
 0001:00073800       @jpeg_get_small
 0001:00075C54       @jpeg_huff_decode
 0001:0007BF80       @jpeg_idct_1x1
 0001:0007BD90       @jpeg_idct_2x2
 0001:0007B9DC       @jpeg_idct_4x4
 0001:0007B164       @jpeg_idct_float
 0001:0007B5A8       @jpeg_idct_ifast
 0001:000838AC       @jpeg_make_c_derived_tbl
 0001:0007580C       @jpeg_make_d_derived_tbl
 0001:00073820       @jpeg_mem_available
 0001:0007383C       @jpeg_mem_init
 0001:00073840       @jpeg_mem_term
 0001:0007382C       @jpeg_open_backing_store
 0001:0007DB84       @jpeg_resync_to_restart
 0001:0007ED0C       @jpeg_suppress_tables
 0001:0007DE24       @jround_up
 0001:0007DE98       @jzero_far
 0001:00003820       @LStrAddRef
 0001:00003394       @LStrArrayClr
 0001:000033C4       @LStrAsg
 0001:00003638       @LStrCat
 0001:0000367C       @LStrCat3
 0001:000036F0       @LStrCatN
 0001:00003370       @LStrClr
 0001:0000377C       @LStrCmp
 0001:00003890       @LStrCopy
 0001:000038D0       @LStrDelete
 0001:000035E0       @LStrFromArray
 0001:00003558       @LStrFromChar
 0001:00003568       @LStrFromPChar
 0001:00003460       @LStrFromPCharLen
 0001:00003598       @LStrFromPWChar
 0001:000034CC       @LStrFromPWCharLen
 0001:000035D4       @LStrFromString
 0001:000035F8       @LStrFromWStr
 0001:00003918       @LStrInsert
 0001:00003408       @LStrLAsg
 0001:00003630       @LStrLen
 0001:00003A20       @LStrOfChar
 0001:00003974       @LStrPos
 0001:000039BC       @LStrSetLength
 0001:00003830       @LStrToPChar
 0001:0000360C       @LStrToString
 0001:0000426C       @New
 0001:00003434       @NewAnsiString
 0001:00003A54       @NewWideString
 0001:00014480       @OleVarFromLStr
 0001:0001453C       @OleVarFromVar
 0001:0000206C       @Pow10
 0001:00001D4C       @PStrCmp
 0001:00001D24       @PStrCpy
 0001:00001CF4       @PStrNCat
 0001:00001D30       @PStrNCpy
 0001:00002D14       @RaiseAgain
 0001:00002CEC       @RaiseExcept
 0001:00001E60       @RandInt
 0001:000017C8       @ReallocMem
 0001:00001BFC       @ROUND
 0001:000032C0       @RunError
 0001:00002044       @SetEq
 0001:00001B70       @SetLength
 0001:00001FEC       @SetRange
 0001:00002058       @SetUnion
 0001:00002FF8       @StartExe
 0001:000044C8       @Str0Int64
 0001:00001EDC       @Str0Long
 0001:00004408       @StrInt64
 0001:00000358       @strlen
 0001:00001E7C       @StrLong
 0001:00001C08       @TRUNC
 0001:00002D98       @TryFinallyExit
 0001:00003888       @UniqueStringA
 0001:000044E4       @ValInt64
 0001:00001EE8       @ValLong
 0001:00014FCC       @VarAddRef
 0001:00003F6C       @VarAddRef
 0001:00015780       @VarArrayGet
 0001:00015870       @VarArrayPut
 0001:000105A4       @VarCast
 0001:0000FD38       @VarClear
 0001:00003E2C       @VarClr
 0001:0000FD4C       @VarClr
 0001:00017028       @VarCmpEQ
 0001:00017048       @VarCmpGT
 0001:00017038       @VarCmpLT
 0001:00004044       @VarCopy
 0001:00010060       @VarCopy
 0001:000102E0       @VarCopyNoInd
 0001:00014310       @VarFromBool
 0001:0001419C       @VarFromByte
 0001:00014360       @VarFromCurr
 0001:000142B8       @VarFromCurrency
 0001:000142E4       @VarFromDate
 0001:00014454       @VarFromDisp
 0001:0001428C       @VarFromDouble
 0001:00014140       @VarFromInt
 0001:0001423C       @VarFromInt64
 0001:0001417C       @VarFromInteger
 0001:00014428       @VarFromIntf
 0001:000141DC       @VarFromLongWord
 0001:00014374       @VarFromLStr
 0001:000143A0       @VarFromPStr
 0001:00014338       @VarFromReal
 0001:000141FC       @VarFromShortInt
 0001:00014268       @VarFromSingle
 0001:0001421C       @VarFromSmallInt
 0001:0001434C       @VarFromTDateTime
 0001:000141BC       @VarFromWord
 0001:000143F0       @VarFromWStr
 0001:0000FAA0       @VarNull
 0001:000102F4       @VarStringToOleStr
 0001:00011D70       @VarToBool
 0001:00011A28       @VarToBoolean
 0001:00010E68       @VarToByte
 0001:00012C14       @VarToCurrency
 0001:000126AC       @VarToDate
 0001:00014094       @VarToDisp
 0001:00011F3C       @VarToDouble
 0001:0001142C       @VarToInt64
 0001:00010968       @VarToInteger
 0001:00013FC8       @VarToIntf
 0001:000110E0       @VarToLongWord
 0001:000132C8       @VarToLStr
 0001:000122B8       @VarToReal
 0001:00010DB8       @VarToShortInt
 0001:000122D4       @VarToSingle
 0001:00010F10       @VarToSmallInt
 0001:00011008       @VarToWord
 0001:000139F0       @VarToWStr
 0001:00003D08       @WStrAddRef
 0001:00003A94       @WStrArrayClr
 0001:00003AB8       @WStrAsg
 0001:00003A7C       @WStrClr
 0001:00003BF4       @WStrCmp
 0001:00003C78       @WStrCopy
 0001:00003BC8       @WStrFromLStr
 0001:00003ADC       @WStrFromPCharLen
 0001:00003B8C       @WStrFromPWChar
 0001:00003B68       @WStrFromPWCharLen
 0001:00003BE8       @WStrLen
 0001:00003CC4       @WStrSetLength
 0001:00003BD8       @WStrToPWChar
 0001:00001FC8       @_CLenToPasStr
 0001:00001FBC       @_CToPasStr
 0001:000018F0       @_IOTest
 0001:00004310       @_lldiv
 0001:0000438C       @_llmod
 0001:000042EC       @_llmul
 0001:0000BFD8       Abort
 0001:0004CED0       AbsMin
 0001:0000C3A4       AbstractErrorHandler
 0002:0000402C       AbstractErrorProc
 0002:00004CD4       accept
 0002:00004E84       AcceptEx
 0002:00000144       AccessMode
 0001:00001858       AcquireExceptionObject
 0002:0000230C       ActionStr
 0001:0001B69C       ActivateClassGroup
 0001:00005F9C       ActivateKeyboardLayout
 0002:00004BAC       ActiveDrag
 0001:00018D48       ActiveX
 0001:0005CAA0       ActnList
 0001:00000494       AddBlockAfter
 0001:000C8F18       AddChars
 0001:000B044C       AddCookieFlag
 0001:000B038C       AddCookieProperty
 0001:000CBFC0       AddCurrency
 0001:000CB790       AddCurrencySymbol
 0002:0000059C       AddDataModule
 0001:000CB09C       AddDigit
 0001:00007818       AddExitProc
 0001:000D3468       AddFieldDefs
 0001:000D369C       AddFields
 0001:000F9204       AddFieldToList
 0001:0001F7F8       AddFinished
 0001:00060080       AddIn
 0001:000CC2B0       AddLiterals
 0001:00004F3C       AddModuleUnloadProc
 0001:00004F4C       AddModuleUnloadProc
 0001:000CB870       AddNegCurrencySymbol
 0001:000CA604       AddNormalizedFractions
 0001:0001F830       AddNotFinished
 0001:000CB080       AddOneChar
 0001:000C8FD4       AddStrings
 0001:00020254       AddSubComponentsToLoaded
 0001:00024DCC       AddThread
 0001:000EE610       AddToProcessedSQL
 0002:000023A0       AdjustAmt
 0002:00002398       AdjustAmt
 0002:000023A8       AdjustAmt
 0002:000023B0       AdjustAmt
 0001:0002AC1C       AdjustColor
 0001:00037B60       AdjustColors
 0001:000C9A30       AdjustDecimalPosition
 0001:000DF38C       AdjustFirstRecord
 0001:00007C58       AdjustLineBreaks
 0001:00067090       Adjustment
 0001:000CA95C       AdjustNibbles
 0001:000AB6FC       AdjustStreamSize
 0001:00005FA4       AdjustWindowRectEx
 0001:0000D8B8       AL1
 0002:00000314       AL1s
 0001:0000D8C8       AL2
 0002:00000324       AL2s
 0002:00000D78       Alignments
 0002:00000D38       Alignments
 0002:00000FDC       Alignments
 0002:00000A88       Alignments
 0002:00000FEC       Alignments
 0001:0006DFD0       AlignWork
 0001:00052678       AlignWork
 0001:00026C84       AllocateHWnd
 0001:000077CC       AllocMem
 0002:000045B4       AllocMemCount
 0002:000045B8       AllocMemSize
 0001:00030200       AllocPatternBitmap
 0001:00005780       AllocTlsBuffer
 0001:0000D8F8       ALR
 0001:0000D8E0       ALV
 0001:00022FB4       AncestorIsValid
 0002:00000DBC       AnchorAlign
 0002:00000DB0       AnimateWindowProc
 0002:00000EB8       AnimationStyle
 0001:000079F8       AnsiCompareStr
 0001:00007A30       AnsiCompareText
 0001:00007B58       AnsiExtractQuotedStr
 0001:000085E4       AnsiLastChar
 0001:00005FAC       AnsiLower
 0001:000079C4       AnsiLowerCase
 0001:0000CDE8       AnsiLowerCaseFileName
 0001:0000CDB0       AnsiPos
 0001:00064894       AnsiSameCaption
 0001:00007A68       AnsiSameText
 0001:00007A80       AnsiStrLIComp
 0001:0000CE74       AnsiStrPos
 0001:0000CF14       AnsiStrRScan
 0001:0000CF3C       AnsiStrScan
 0001:0000551C       AnsiToUtf8
 0001:00007990       AnsiUpperCase
 0001:00013F50       AnyToIntf
 0001:0000A218       AppendChars
 0001:0000A5DC       AppendFormat
 0001:0000A27C       AppendNumber
 0001:0000A25C       AppendString
 0002:00004C10       Application
 0002:00002308       Application
 0002:000005AC       ApplicationHandleException
 0002:000005B4       ApplicationShowException
 0002:00001124       AppVisible
 0001:0000C388       AssertErrorHandler
 0002:00004024       AssertErrorProc
 0001:00018380       AssignLongStr
 0001:000E9764       AssignParams
 0001:000189FC       AssignVariant
 0002:00004EBC       ATempPath
 0001:000D3F54       AttributeSetStored
 0001:000BE50C       AuthFailed
 0002:00002188       AuthList
 0002:0000460C       avail
 0001:0000883C       BackfillGetDiskFreeSpaceEx
 0001:0004FA8C       BackgroundClipped
 0001:0000E76C       BackupVarBoolFromStr
 0001:0000E8CC       BackupVarBStrFromBool
 0001:0000E7EC       BackupVarBStrFromCy
 0001:0000E85C       BackupVarBStrFromDate
 0001:0000E700       BackupVarCyFromStr
 0001:0000E694       BackupVarDateFromStr
 0001:0000E550       BackupVarI4FromStr
 0001:0000E4FC       BackupVariantChangeTypeEx
 0001:0000E5BC       BackupVarR4FromStr
 0001:0000E628       BackupVarR8FromStr
 0002:00002618       BaseFieldTypes
 0002:0000045C       BaseTypeMap
 0001:000CAF30       BcdAdd
 0001:000CAB0C       BcdCompare
 0001:000CBC00       BcdCurrencyFormat
 0001:000CAEC4       BcdDivide
 0001:000CAD74       BcdDivide
 0001:000C80EC       BcdError
 0001:000C807C       BcdErrorFmt
 0001:000CB5B0       BcdFixedOrNumberFormat
 0001:000CB54C       BcdGeneralFormat
 0001:000CAC10       BcdMultiply
 0001:000CAD08       BcdMultiply
 0001:000CB3A4       BcdScale
 0001:000CB564       BcdScientificFormat
 0001:000CABD4       BcdSubtract
 0001:000CB4A0       BCDToCurr
 0001:000C8AEC       BcdToDouble
 0001:000CB260       BcdToStr
 0001:000CBCEC       BcdToStrF
 0002:000051E4       bDone
 0001:0000C97C       Beep
 0001:0001BA70       BeginGlobalLoading
 0001:00005FB4       BeginPaint
 0001:00003324       BeginThread
 0001:0002AC28       BetterSize
 0001:00037450       BevelLine
 0001:00037360       BevelRect
 0001:00060EF4       BiDiDraw
 0002:00004CD8       bind
 0001:0002473C       BinToHex
 0001:00005D64       BitBlt
 0002:00000C0C       BitBtnCaptions
 0002:00004ACC       BitBtnGlyphs
 0002:0000095C       BitCounts
 0002:00000954       BitmapCanvasList
 0002:000048B0       BitmapImageLock
 0001:0000E538       BiUnimplemented
 0001:000C98CC       BlankArgument
 0002:000050A4       BLOB_get
 0002:000050A8       BLOB_put
 0002:00000670       BlockCode
 0002:000045E4       blockDescBlockList
 0002:000045E8       blockDescFreeList
 0002:00000580       BooleanIdents
 0002:00000458       BooleanToStringRule
 0002:00001A84       BoolStr
 0001:000081EC       BoolToStr
 0001:00013050       BoolToWStrViaOS
 0002:00000A80       BorderStyles
 0002:00000D30       BorderStyles
 0001:0001A9B4       Bounds
 0001:000058C4       Bounds
 0002:00000F84       Breaks
 0001:00084D4C       BrkrConst
 0002:000048E8       BrushManager
 0002:00002A60       BtnHintId
 0001:000DEA58       BufferToByteArray
 0001:00071D4C       BuildColorMap
 0001:000636A8       BuildImage
 0001:00071CA4       BuildPalette
 0002:00000A28       ButtonCaptions
 0002:000009FC       ButtonNames
 0001:00038B7C       Buttons
 0002:00001000       Buttons
 0002:00000C78       ButtonStates
 0002:00000DA8       ButtonStyles
 0002:00000C88       ButtonStyles
 0002:00004A84       ButtonWidths
 0001:000DEB0C       ByteArrayToBuffer
 0001:000A0B28       ByteIsOk
 0001:0002A408       BytesPerScanline
 0001:0002A760       ByteSwapColors
 0001:0000CA60       ByteToCharIndex
 0001:0000CA38       ByteToCharLen
 0001:0000C9FC       ByteType
 0001:0000C984       ByteTypeTest
 0002:00004BF8       CachedComCtrlVer
 0001:00026BC0       CalcJmpOffset
 0001:000CBEB0       CalcPrecisionAndDigits
 0001:00040A70       CalcSize
 0001:0005A37C       CalcSplitterPos
 0001:000D9DB4       CalcTotalSize
 0001:000D3F94       CalculatedStored
 0001:00005FBC       CallNextHookEx
 0001:0000D87C       CallTerminateProcs
 0001:00005FC4       CallWindowProc
 0001:0004DF08       CancelDrag
 0001:000DFF20       CancelNestedDataSets
 0001:000C985C       CanUseShort
 0002:00004BC0       CanvasList
 0002:000048EC       CanvasList
 0002:000009D4       Captions
 0002:00000E74       CaptureControl
 0002:00000F24       cBooleanToItemAutoFlag
 0002:0000048C       CBooleanToRelationship
 0002:00004ABA       CF_COMPONENT
 0002:00004AB8       CF_PICTURE
 0002:00004818       ChangeAnyProc
 0001:0004C488       ChangeBiDiModeAlignment
 0001:00008664       ChangeFileExt
 0002:00000D58       CharCases
 0001:00003490       CharFromWChar
 0001:0000CC34       CharLength
 0001:00005FCC       CharLowerBuff
 0001:00005FD4       CharNext
 0001:000002C8       CharNext
 0001:00028CC4       CharsetToIdent
 0001:0000CB48       CharToByteIndex
 0001:0000CBAC       CharToByteLen
 0001:00005FDC       CharToOemA
 0001:00005FE4       CharUpperBuff
 0001:0002B1F0       CheckBool
 0001:000FA670       CheckDataSource
 0001:000FA650       CheckDataSource
 0001:000FB754       CheckForHighlighting
 0001:000E2694       CheckIBLoaded
 0001:0000297C       CheckJmp
 0001:00005FEC       CheckMenuItem
 0001:000DEF78       CheckNestedBrowseMode
 0001:00096798       CheckNotServerType
 0001:000F8C3C       CheckRequiredParams
 0002:00000F74       Checks
 0001:000C7C68       CheckSqlTimeStamp
 0001:000E17D8       CheckStatusVector
 0001:00020290       CheckSubComponents
 0001:00024DE4       CheckSynchronize
 0001:00066ACC       CheckTaskWindow
 0001:0001468C       CheckType
 0001:0004DBBC       CheckUndock
 0001:0000C870       CheckWin32Version
 0002:00000474       CInvalidCustomVariantType
 0002:00000F28       cItemAutoFlagToBoolean
 0002:00000F20       cItemAutoFlagToMenu
 0001:00026E10       Classes
 0001:0001B460       ClassNotFound
 0002:00004814       ClearAnyProc
 0001:00028554       ClearColor
 0001:000B9908       ClearExcepInfo
 0001:000162A8       ClearVariantTypeList
 0001:00005FF4       ClientToScreen
 0001:00057920       ClientToWindow
 0001:00038930       Clipboard
 0002:0000094C       ClipboardFormats
 0001:00038A1C       Clipbrd
 0001:00005FFC       CloseClipboard
 0001:00005A44       CloseHandle
 0001:000C34BC       CloseServiceHandle
 0002:00004CDC       closesocket
 0002:0000498C       CloseThemeData
 0001:000F0FB0       CloseThreads
 0002:00004040       CmdLine
 0002:0000403C       CmdShow
 0002:00000F1C       cMenuAutoFlagToItem
 0002:00000498       CmpTypeMap
 0001:0000E544       CmpUnimplemented
 0002:00002198       CoAddRefServerProcess
 0002:00002190       CoCreateInstanceEx
 0002:000021A8       CoInitFlags
 0001:00018CEC       CoInitialize
 0002:00002194       CoInitializeEx
 0001:0001BD2C       CollectionsEqual
 0002:000006CC       Colors
 0001:00098950       ColorStyle
 0001:00028ABC       ColorToIdent
 0002:00000A94       ColorToPretyName
 0001:00028AAC       ColorToRGB
 0001:00005D6C       CombineRgn
 0002:00004FE8       ComClassManagerVar
 0001:000B8DB8       ComConst
 0002:00004900       ComCtl32DLL
 0002:00004B24       ComCtlVersion
 0001:000432A8       ComCtrls
 0002:00004C0C       CommandPool
 0001:00030C94       CommCtrl
 0001:00034148       CommDlg
 0001:00000774       Commit
 0002:00004628       committedRoot
 0001:000B9BD0       ComObj
 0001:000CA8DC       CompactBcd
 0001:000C8CB8       CompareDigits
 0001:0005F664       CompareFront
 0001:000078F8       CompareMem
 0001:000CA6BC       CompareNormalizedFractions
 0001:000078C8       CompareStr
 0001:00005A4C       CompareString
 0001:00007918       CompareText
 0001:00008114       CompareWith
 0001:00020370       ComponentCreated
 0001:0002AFC0       ComputeAldusChecksum
 0001:00038344       ComStrs
 0002:00004CE0       connect
 0001:000A9E5C       ConnectTimeout
 0001:000271F4       Consts
 0001:00085A7C       ContentParsers
 0001:00030AFC       Contnrs
 0002:00004B7E       ControlAtom
 0002:00004B84       ControlAtomString
 0001:0006B858       ControlHasHelp
 0001:0005AFFC       Controls
 0002:000005E0       Convert
 0002:000005D0       Convert
 0001:0000BD78       ConvertAddr
 0001:0000A36C       ConvertEraString
 0001:00007790       ConvertError
 0001:000077A8       ConvertErrorFmt
 0001:0000A4D4       ConvertYearString
 0001:00004724       CopyArray
 0001:0002D5B8       CopyBitmap
 0001:0002DC80       CopyBitmapAsMask
 0001:000CB538       CopyByte
 0001:00005D74       CopyEnhMetaFile
 0001:000E6830       CopyOldBuffer
 0001:0002DC1C       CopyPalette
 0001:00088CD8       CopyPrsr
 0002:00000CCC       Copyright
 0001:00062754       CopyToBest
 0002:0000219C       CoReleaseServerProcess
 0002:000021A0       CoResumeClassObjects
 0002:000021A4       CoSuspendClassObjects
 0001:00018CF4       CoUninitialize
 0001:0000CAB8       CountChars
 0002:000048C8       CounterLock
 0002:00000478       CRangeToType
 0001:0000C2CC       CreateAssertException
 0001:0000C454       CreateAVObject
 0001:00005D7C       CreateBitmap
 0001:00005D84       CreateBrushIndirect
 0001:00005D8C       CreateCompatibleBitmap
 0001:00005D94       CreateCompatibleDC
 0001:000203F0       CreateComponent
 0001:000FDFF4       CreateDefaultIniFile
 0001:00094EA8       CreateDefaultLayoutManager
 0001:00005DA4       CreateDIBitmap
 0001:00005D9C       CreateDIBSection
 0001:0000891C       CreateDir
 0001:00005A54       CreateDirectory
 0001:00005A5C       CreateEvent
 0001:00005A64       CreateFile
 0001:00005A6C       CreateFileMapping
 0001:00005DAC       CreateFontIndirect
 0001:00005DB4       CreateHalftonePalette
 0001:000C1488       CreateHTTP
 0001:000C1750       CreateHTTPServer
 0001:00006004       CreateIcon
 0001:0000C1F8       CreateInOutError
 0001:000EF578       CreateLocalEvent
 0001:0000600C       CreateMenu
 0001:00034C08       CreateMessageDialog
 0001:00005A7C       CreateMutex
 0001:000BD734       CreateNotifyThread
 0001:00005DBC       CreatePalette
 0001:00005DC4       CreatePenIndirect
 0001:00006014       CreatePopupMenu
 0001:00005DCC       CreateRectRgn
 0001:000C34C4       CreateService
 0001:00005DD4       CreateSolidBrush
 0001:0002A7B8       CreateSystemPalette
 0001:000002D0       CreateThread
 0001:00005A9C       CreateThread
 0001:000A2CF8       CreateTRegistry
 0001:000065E0       CreateWindow
 0001:00006588       CreateWindowEx
 0002:00000DB4       CreationControl
 0002:000009CC       CreationControl
 0002:0000056C       CRelationshipToBoolean
 0002:0000043C       CResult
 0002:000051E8       CS
 0002:0000013C       cSimpleBoolStrs
 0002:00000514       CText
 0002:00000EB0       Ctl3DStyles
 0002:000009C4       Ctl3DStyles
 0002:00004620       curAlloc
 0001:00014920       CurrCompare
 0002:0000468C       CurrencyDecimals
 0002:00004688       CurrencyFormat
 0002:00004684       CurrencyString
 0001:0000A204       CurrentYear
 0001:000CB414       CurrToBCD
 0001:00009A90       CurrToStr
 0001:00009AF8       CurrToStrF
 0001:00012FE0       CurrToWStrViaOS
 0002:0000109C       CursorMap
 0002:00000DC4       Cursors
 0001:0004C7A8       CursorToIdent
 0002:0000108C       cUseAlpha
 0002:00001094       cUseColorKey
 0002:00000CBC       CustomizeStyles
 0002:00000334       CVarTypeToElementInfo
 0001:00007E24       CvtInt
 0001:00007E90       CvtInt64
 0002:00002414       CWNear
 0002:0000017C       CWNear
 0001:000D2060       DatabaseError
 0001:000D210C       DatabaseErrorFmt
 0001:000F5728       DataModule1
 0001:000F576C       DatamoduleUnit
 0001:00039D68       DataTypeToRegData
 0001:000148F8       DateCompare
 0002:0000468D       DateSeparator
 0001:000A3870       DateTimeToGmtOffSetStr
 0001:000A2D14       DateTimeToHttpStr
 0001:000A2E48       DateTimeToInternetStr
 0001:000DEA10       DateTimeToNative
 0001:000C7B98       DateTimeToSQLTimeStamp
 0001:0000AE1C       DateTimeToStr
 0001:0000AD90       DateTimeToString
 0001:00009CE8       DateTimeToTimeStamp
 0001:0000ADEC       DateToStr
 0001:00013018       DateToWStrViaOS
 0001:000C6CC8       DateUtils
 0001:0000A18C       DayOfWeek
 0001:000880AC       DayOfWeekStr
 0001:000C6C60       DaysInAMonth
 0002:00001A64       DaysOfWeek
 0001:000E0AB4       DB
 0002:00005068       DBApplication
 0001:000E0B70       DBCommon
 0001:000C6E50       DBConsts
 0001:000FA354       DBCtrls
 0001:000F9B38       DBLogDlg
 0002:00002AB0       DBNavButtonImages
 0002:00002A88       DBNavButtonNames
 0001:000FA0A8       DBPWDlg
 0002:00005064       DBScreen
 0002:00000178       DCon10
 0002:000006C8       DDBsOnly
 0001:00026D38       DeallocateHWnd
 0002:0000002C       DebugHook
 0002:0000468B       DecimalSeparator
 0001:00015B18       DecIndices
 0001:0000A16C       DecodeDate
 0001:0000A020       DecodeDateFully
 0001:00009E90       DecodeTime
 0001:00000808       Decommit
 0001:00000E24       DecommitFree
 0002:000045FC       decommittedRoot
 0001:000694E0       Default
 0001:0006EC28       Default
 0002:00000024       Default8087CW
 0002:00000DB8       DefaultDockTreeClass
 0002:00002820       DefaultFieldClasses
 0002:00002420       DefaultFieldClasses
 0002:000045C0       DefaultUserCodePage
 0002:0000091C       DefBrushData
 0002:0000069C       DefFontData
 0001:0000601C       DefFrameProc
 0002:00000208       DefLongDayNames
 0002:000001BC       DefLongMonthNames
 0001:00006024       DefMDIChildProc
 0002:000008FC       DefPenData
 0002:000001EC       DefShortDayNames
 0002:0000018C       DefShortMonthNames
 0001:0000602C       DefWindowProc
 0001:00004A90       DelayLoadResourceModule
 0001:000004C4       DeleteBlock
 0001:00000434       DeleteCriticalSection
 0001:00005AA4       DeleteCriticalSection
 0001:00005DDC       DeleteDC
 0001:00005DE4       DeleteEnhMetaFile
 0001:000085CC       DeleteFile
 0001:00005AAC       DeleteFile
 0001:00000C6C       DeleteFree
 0001:00006034       DeleteMenu
 0001:00005DEC       DeleteObject
 0001:000C34CC       DeleteService
 0001:000059E4       DeregisterEventSource
 0001:0002D174       DeselectBitmap
 0001:0000603C       DestroyCursor
 0001:000C1760       DestroyHTTPServer
 0001:00006044       DestroyIcon
 0001:00038AAC       DestroyLocals
 0001:0000604C       DestroyMenu
 0001:00006054       DestroyWindow
 0001:00049D30       DialogEnumerationTester
 0001:00035794       Dialogs
 0002:00000958       DIBPalSizes
 0002:00000090       dig
 0001:000083CC       DirectoryExists
 0001:00066920       DisableTaskWindows
 0001:0008725C       DispatchHandler
 0001:000B931C       DispatchInvoke
 0001:000B98FC       DispatchInvokeError
 0001:0000605C       DispatchMessage
 0001:0006CB38       DispatchShortCut
 0001:000B9918       DispCall
 0001:000B99FC       DispCallByID
 0002:00004000       DispCallByIDProc
 0001:000B9828       DispCallError
 0001:00007774       DivMod
 0001:00034180       Dlgs
 0002:00002300       DLLLoadCount
 0001:00052508       DoAlign
 0001:0006DE84       DoAlign
 0001:000DE0BC       DoBindFields
 0001:00056600       DoCalcConstraints
 0002:00004BB4       DockSiteList
 0001:00063374       DoClick
 0001:00053C4C       DoControlMsg
 0001:000668D0       DoDisableWindow
 0001:0004D4E8       DoDragOver
 0001:000077EC       DoExitProc
 0001:00058650       DoFindControlZone
 0001:00066A0C       DoFindWindow
 0001:00058BDC       DoFindZone
 0001:000586D4       DoForEach
 0001:00059FE0       DoGetNextLimit
 0001:000A5C94       DomainName
 0001:000C5978       DoneApplication
 0001:00066898       DoneApplication
 0001:0005AD40       DoneControls
 0001:0000C780       DoneExceptions
 0001:00084B7C       DoneMaskStates
 0001:000C4DE0       DoneServiceApplication
 0001:0006AEB4       DoNestedActivation
 0001:00024D80       DoneThreadSynchronization
 0001:0006DCD4       DoPosition
 0001:000520C8       DoPosition
 0001:00059608       DoPrune
 0001:00036BC4       DoRect
 0001:00059AE0       DoSaveZone
 0001:00059CE4       DoSetNewBounds
 0001:0008805C       DosPathToUnixPath
 0001:00087D08       DoStripQuotes
 0002:00002418       Dot
 0002:00000588       DotSep
 0002:00000C94       DownMessage
 0001:0002C290       DoWrite
 0001:0005DCC4       DoWrite
 0001:0001D394       DoWrite
 0001:0002B448       DoWrite
 0001:00053234       DoWriteDesignSize
 0001:00026944       DoWriteHeight
 0001:000268DC       DoWriteHorizontalOffset
 0001:00050B8C       DoWriteIsControl
 0001:00026910       DoWriteVerticalOffset
 0001:000268B4       DoWriteWidth
 0002:00002904       DPBConstantNames
 0002:00004B98       DragCapture
 0002:00004B8C       DragControl
 0001:0004DC30       DragDone
 0001:0004D498       DragFindTarget
 0001:0004D46C       DragFindWindow
 0002:00004BB0       DragImageList
 0001:0004D888       DragInit
 0001:0004D9F8       DragInitControl
 0002:00004B94       DragInternalObject
 0001:0004D3B4       DragMessage
 0002:00004B90       DragObject
 0002:00004BBC       DragSave
 0002:00004BA4       DragSaveCursor
 0002:00004B9C       DragStartPos
 0002:00004BA8       DragThreshold
 0001:0004D5B8       DragTo
 0001:0006EC64       DrawAppIcon
 0001:00059174       DrawCloseButton
 0001:00006064       DrawEdge
 0001:0000606C       DrawFrameControl
 0001:000591CC       DrawGrabberLine
 0001:00006074       DrawIcon
 0001:0000607C       DrawIconEx
 0002:00000EEC       DrawingStyles
 0001:00006084       DrawMenuBar
 0001:000646B4       DrawMenuItem
 0001:0000608C       DrawText
 0002:00004990       DrawThemeBackground
 0002:000049B4       DrawThemeEdge
 0002:000049B8       DrawThemeIcon
 0002:00004A3C       DrawThemeParentBackground
 0002:00004994       DrawThemeText
 0001:0002A288       DupBits
 0001:00015AC4       DynArrayBounds
 0001:0000473C       DynArrayClear
 0001:00015A3C       DynArrayDim
 0001:00015A20       DynArrayElTypeInfo
 0001:00015F74       DynArrayFromVariant
 0001:000159E0       DynArrayIndex
 0001:00004744       DynArraySetLength
 0001:00015A54       DynArraySize
 0001:00015C24       DynArrayToVariant
 0001:00015B84       DynArrayVariantBounds
 0001:00015BDC       DynArrayVarType
 0002:00000FE4       EdgeStyle
 0002:00000EA0       EdgeStyles
 0001:0000C1CC       EHeapException.FreeInstance
 0001:000E18F4       EIBError.Create
 0001:000E187C       EIBError.Create
 0001:0009EC00       EIdProtocolReplyError.CreateError
 0001:0009EC48       EIdSocketError.CreateError
 0001:0009F1F0       EIdWS2StubError.Build
 0001:00071334       EmitMessage
 0002:00000D74       Empty
 0001:00006094       EmptyClipboard
 0001:00014784       EmptyCompare
 0002:00004800       EmptyParam
 0002:000000C0       EmptyStr
 0002:000000C4       EmptyWideStr
 0001:0000609C       EnableMenuItem
 0002:00000F7C       Enables
 0001:000060A4       EnableScrollBar
 0001:000669D4       EnableTaskWindows
 0002:00004A24       EnableThemeDialogTexture
 0002:00004A40       EnableTheming
 0001:000060AC       EnableWindow
 0001:00009FF0       EncodeDate
 0001:00009E50       EncodeTime
 0001:0001BAF8       EndGlobalLoading
 0001:000060B4       EndPaint
 0001:00003368       EndThread
 0001:00000424       EnterCriticalSection
 0001:00005AB4       EnterCriticalSection
 0001:00005ABC       EnumCalendarInfoA
 0001:000060BC       EnumClipboardFormats
 0002:00004924       EnumDisplayMonitors
 0001:0000B9EC       EnumEraNames
 0001:0000BA28       EnumEraYearOffsets
 0001:00069AA4       EnumMonitorsProc
 0001:000060C4       EnumThreadWindows
 0001:0001FBA0       EnumValue
 0001:000060CC       EnumWindows
 0001:000B904C       EOleException.Create
 0001:000B8F7C       EOleSysError.Create
 0001:000060D4       EqualRect
 0002:00004754       EraNames
 0001:0000B0A8       EraToYear
 0002:00004770       EraYearOffsets
 0002:00000068       errCaption
 0001:0001F384       Error
 0001:000018E4       Error
 0001:0005F3B4       Error
 0001:0001B004       Error
 0002:00000004       ErrorAddr
 0001:00001898       ErrorAt
 0001:0000C278       ErrorHandler
 0002:00000224       ErrorMap
 0002:00004008       ErrorProc
 0002:000043E8       ErrOutput
 0001:000D1F8C       EUpdateError.Create
 0001:000D2030       EUpdateError.Destroy
 0002:00002578       Events
 0001:00001838       ExceptAddr
 0002:0000400C       ExceptClsProc
 0001:0000C6EC       ExceptHandler
 0001:0000BFF8       Exception.Create
 0001:0000C034       Exception.CreateFmt
 0001:0000C184       Exception.CreateHelp
 0001:0000C0B4       Exception.CreateRes
 0001:0000C0F0       Exception.CreateResFmt
 0002:0000401C       ExceptionClass
 0001:0000BD84       ExceptionErrorMessage
 0002:0000025C       ExceptMap
 0001:00001818       ExceptObject
 0002:00004010       ExceptObjProc
 0002:00004004       ExceptProc
 0001:00005DF4       ExcludeClipRect
 0001:0000CD78       ExcludeTrailingPathDelimiter
 0002:00000000       ExitCode
 0001:00003120       ExitDll
 0002:00004048       ExitProc
 0001:000002E0       ExitProcess
 0002:00004028       ExitProcessProc
 0002:00000138       ExitProcList
 0001:000002D8       ExitThread
 0001:00008800       ExpandFileName
 0001:0003A668       ExtActns
 0001:000382E4       ExtCtrls
 0001:00038BD4       ExtDlgs
 0001:000D2168       ExtractFieldName
 0001:0000872C       ExtractFileDir
 0001:000087B8       ExtractFileExt
 0001:00008780       ExtractFileName
 0001:000086F8       ExtractFilePath
 0001:00087D90       ExtractHeaderFields
 0001:00087FC4       ExtractHTTPFields
 0001:000CC154       ExtractLiterals
 0001:000CBDA8       ExtractMoneySymbol
 0002:00004790       FalseBoolStrs
 0002:000051C0       FBuffer
 0002:000051D0       FBufferSize
 0002:00004AC0       FClipboard
 0002:0000016C       FCon1E18
 0002:00002410       FConst10
 0002:00004C48       FContentParsers
 0001:0008A508       Fetch
 0001:000A34B8       Fetch
 0001:000A33D0       FetchCaseInsensitive
 0002:00004EB8       FIdPorts
 0002:000024B8       FieldTypeNames
 0001:00008354       FileAge
 0001:0008915C       FileAppend
 0001:0000834C       FileClose
 0001:00089314       FileContents
 0001:00008290       FileCreate
 0001:000082B4       FileCreate
 0001:000088B0       FileDateToDateTime
 0001:000083BC       FileExists
 0002:00000950       FileFormats
 0001:00089208       FileMake
 0002:0000000C       FileMode
 0001:00008238       FileOpen
 0001:000082BC       FileRead
 0002:000005C4       FilerSignature
 0001:00008314       FileSeek
 0001:000A3174       FileSizeByName
 0001:00005AC4       FileTimeToDosDateTime
 0001:00005ACC       FileTimeToLocalFileTime
 0001:000082E8       FileWrite
 0001:00000D54       FillAfterGap
 0001:00000D00       FillBeforeGap
 0001:00000DEC       FillerSizeAfterGap
 0001:00000D7C       FillerSizeBeforeGap
 0001:000A3B24       FillMimeTable
 0001:000060DC       FillRect
 0001:00017058       Finalization
 0001:000172E4       Finalization
 0001:000C34FC       Finalization
 0001:000C3484       Finalization
 0001:000C1774       Finalization
 0001:000C59B8       Finalization
 0001:000C1370       Finalization
 0001:000C5ED8       Finalization
 0001:000BF7B8       Finalization
 0001:000C623C       Finalization
 0001:00018C60       Finalization
 0001:00018D18       Finalization
 0001:000BE1EC       Finalization
 0001:000BD9FC       Finalization
 0001:000C6C28       Finalization
 0001:000BD5CC       Finalization
 0001:000C6C98       Finalization
 0001:000C6E20       Finalization
 0001:000BAF2C       Finalization
 0001:000C7D74       Finalization
 0001:000B9B50       Finalization
 0001:000B8D88       Finalization
 0001:000B8D30       Finalization
 0001:000B76F8       Finalization
 0001:000B767C       Finalization
 0001:000CC870       Finalization
 0001:000B7614       Finalization
 0001:000B75DC       Finalization
 0001:000B4560       Finalization
 0001:000B2BAC       Finalization
 0001:0000ECB8       Finalization
 0001:000B2370       Finalization
 0001:000B20D8       Finalization
 0001:000B17B8       Finalization
 0001:000B1434       Finalization
 0001:000AFE44       Finalization
 0001:000ADA24       Finalization
 0001:000AD760       Finalization
 0001:000AD6D0       Finalization
 0001:000AD39C       Finalization
 0001:0000E2D4       Finalization
 0001:000AD180       Finalization
 0001:000AD064       Finalization
 0001:000E0A58       Finalization
 0001:000E0B40       Finalization
 0001:000ACEF8       Finalization
 0001:000AC840       Finalization
 0001:000E0E24       Finalization
 0001:000AA4C8       Finalization
 0001:000A9C54       Finalization
 0001:000A9B9C       Finalization
 0001:000A9B64       Finalization
 0001:000A900C       Finalization
 0001:000E0E5C       Finalization
 0001:000A8888       Finalization
 0001:000A872C       Finalization
 0001:000A82C0       Finalization
 0001:000A7764       Finalization
 0001:000E0E94       Finalization
 0001:000A7154       Finalization
 0001:000A6E68       Finalization
 0001:000A6D6C       Finalization
 0001:000A62E8       Finalization
 0001:000E1294       Finalization
 0001:000A6280       Finalization
 0001:000A5FCC       Finalization
 0001:000A5DF0       Finalization
 0001:000E1D84       Finalization
 0001:000A254C       Finalization
 0001:000A1D94       Finalization
 0001:000A0CB8       Finalization
 0001:000A02A0       Finalization
 0001:000A0258       Finalization
 0001:0009F140       Finalization
 0001:0009EC90       Finalization
 0001:0009E0B4       Finalization
 0001:0009DE80       Finalization
 0001:0009B7D4       Finalization
 0001:0009A46C       Finalization
 0001:00099EB8       Finalization
 0001:000994F8       Finalization
 0001:000987B4       Finalization
 0001:00097810       Finalization
 0001:000977D8       Finalization
 0001:000972BC       Finalization
 0001:00096708       Finalization
 0001:000931A8       Finalization
 0001:00092698       Finalization
 0001:00091E34       Finalization
 0001:000918DC       Finalization
 0001:000915F0       Finalization
 0001:000915B8       Finalization
 0001:0009028C       Finalization
 0001:0008FCE4       Finalization
 0001:0008F614       Finalization
 0001:0008DBD4       Finalization
 0001:0008BBC0       Finalization
 0001:0008A5F8       Finalization
 0001:0008A4D0       Finalization
 0001:00089834       Finalization
 0001:00026D60       Finalization
 0001:000271C4       Finalization
 0001:00089040       Finalization
 0001:00006AF8       Finalization
 0001:00006768       Finalization
 0001:00006730       Finalization
 0001:00088CA8       Finalization
 0001:000885DC       Finalization
 0001:000885A4       Finalization
 0001:00088334       Finalization
 0001:00088208       Finalization
 0001:000E29BC       Finalization
 0001:000E2A10       Finalization
 0001:000E2A48       Finalization
[...]
 0002:00004A50       Lock
 0002:00004A54       .1
 0002:00004A58       .4
 0002:00004A5C       .1
 0002:00004A60       .1
 0002:00004A64       .1
 0002:00004A68       .1
 0002:00004A6C       .1
 0002:00004A70       .1
 0002:00004A74       .1
 0002:00004A78       .11
 0002:00004A7C       HelpMsg
 0002:00004A80       FindMsg
 0002:00004A84       ButtonWidths
 0002:00004AB0       .12
 0002:00004AB4       .1
 0002:00004AB8       CF_PICTURE
 0002:00004ABA       CF_COMPONENT
 0002:00004ABC       .2
 0002:00004AC0       FClipboard
 0002:00004AC4       .1
 0002:00004AC8       .4
 0002:00004ACC       BitBtnGlyphs
 0002:00004AF8       .3
 0002:00004AFC       .8
 0002:00004B00       .5
 0002:00004B04       .1
 0002:00004B08       .72
 0002:00004B0C       UrlMonHandle
 0002:00004B10       UrlMonInitialized
 0002:00004B14       .8
 0002:00004B18       .36
 0002:00004B1C       ShellModule
 0002:00004B20       FRichEditModule
 0002:00004B24       ComCtlVersion
 0002:00004B28       ToolMenuHook
 0002:00004B2C       MenuToolBar
 0002:00004B30       MenuToolBar2
 0002:00004B34       MenuButtonIndex
 0002:00004B38       LastMenuItem
 0002:00004B3C       LastMousePos
 0002:00004B44       StillModal
 0002:00004B48       ToolMenuKeyHook
 0002:00004B4C       .2
 0002:00004B50       InternalServices
 0002:00004B54       .42
 0002:00004B58       .73
 0002:00004B5C       WinHelpTester
 0002:00004B60       ViewerName
 0002:00004B64       .1
 0002:00004B68       HelpViewer
 0002:00004B6C       HelpViewerIntf
 0002:00004B70       Mouse
 0002:00004B74       NewStyleControls
 0002:00004B78       .72
 0002:00004B7C       WindowAtom
 0002:00004B7E       ControlAtom
 0002:00004B80       WindowAtomString
 0002:00004B84       ControlAtomString
 0002:00004B88       RM_GetObjectInstance
 0002:00004B8C       DragControl
 0002:00004B90       DragObject
 0002:00004B94       DragInternalObject
 0002:00004B98       DragCapture
 0002:00004B9C       DragStartPos
 0002:00004BA4       DragSaveCursor
 0002:00004BA8       DragThreshold
 0002:00004BAC       ActiveDrag
 0002:00004BB0       DragImageList
 0002:00004BB4       DockSiteList
 0002:00004BB8       QualifyingSites
 0002:00004BBC       DragSave
 0002:00004BC0       CanvasList
 0002:00004BC4       _WINNLSEnableIME
 0002:00004BC8       _ImmGetContext
 0002:00004BCC       _ImmReleaseContext
 0002:00004BD0       _ImmGetConversionStatus
 0002:00004BD4       _ImmSetConversionStatus
 0002:00004BD8       _ImmSetOpenStatus
 0002:00004BDC       _ImmSetCompositionWindow
 0002:00004BE0       _ImmSetCompositionFont
 0002:00004BE4       _ImmGetCompositionString
 0002:00004BE8       _ImmIsIME
 0002:00004BEC       _ImmNotifyIME
 0002:00004BF0       .8
 0002:00004BF4       .3
 0002:00004BF8       CachedComCtrlVer
 0002:00004BFC       ImageListWriteExProc
 0002:00004C00       PopupList
 0002:00004C04       ShortCutItems
 0002:00004C08       .9
 0002:00004C0C       CommandPool
 0002:00004C10       Application
 0002:00004C14       Screen
 0002:00004C18       .41
 0002:00004C1C       RM_TaskbarCreated
 0002:00004C20       HintThreadID
 0002:00004C24       HintDoneEvent
 0002:00004C28       HintHook
 0002:00004C2C       HintThread
 0002:00004C30       .1
 0002:00004C34       .3
 0002:00004C38       .3
 0002:00004C3C       .1
 0002:00004C40       .1
 0002:00004C44       .22
 0002:00004C48       FContentParsers
 0002:00004C4C       .1
 0002:00004C50       .2
 0002:00004C54       .1
 0002:00004C58       .2
 0002:00004C5C       .1
 0002:00004C60       .3
 0002:00004C64       .2
 0002:00004C68       .1
 0002:00004C6C       gsTextFilter
 0002:00004C70       .8
 0002:00004C74       .3
 0002:00004C78       .9
 0002:00004C7C       .3
 0002:00004C80       .2
 0002:00004C84       .3
 0002:00004C88       .2
 0002:00004C8C       .2
 0002:00004C90       .2
 0002:00004C94       .2
 0002:00004C98       .3
 0002:00004C9C       .3
 0002:00004CA0       .3
 0002:00004CA4       .2
 0002:00004CA8       .1
 0002:00004CAC       .6
 0002:00004CB0       .2
 0002:00004CB4       .3
 0002:00004CB8       .3
 0002:00004CBC       .3
 0002:00004CC0       .4
 0002:00004CC4       .2
 0002:00004CC8       .64
 0002:00004CCC       .1
 0002:00004CD0       WSACleanup
 0002:00004CD4       accept
 0002:00004CD8       bind
 0002:00004CDC       closesocket
 0002:00004CE0       connect
 0002:00004CE4       ioctlsocket
 0002:00004CE8       getpeername
 0002:00004CEC       getsockname
 0002:00004CF0       getsockopt
 0002:00004CF4       htonl
 0002:00004CF8       htons
 0002:00004CFC       inet_addr
 0002:00004D00       inet_ntoa
 0002:00004D04       listen
 0002:00004D08       ntohl
 0002:00004D0C       ntohs
 0002:00004D10       recv
 0002:00004D14       recvfrom
 0002:00004D18       select
 0002:00004D1C       send
 0002:00004D20       sendto
 0002:00004D24       setsockopt
 0002:00004D28       shutdown
 0002:00004D2C       socket
 0002:00004D30       gethostbyaddr
 0002:00004D34       gethostbyname
 0002:00004D38       gethostname
 0002:00004D3C       getservbyport
 0002:00004D40       getservbyname
 0002:00004D44       getprotobynumber
 0002:00004D48       getprotobyname
 0002:00004D4C       WSASetLastError
 0002:00004D50       WSAGetLastError
 0002:00004D54       WSAIsBlocking
 0002:00004D58       WSAUnhookBlockingHook
 0002:00004D5C       WSASetBlockingHook
 0002:00004D60       WSACancelBlockingCall
 0002:00004D64       WSAAsyncGetServByName
 0002:00004D68       WSAAsyncGetServByPort
 0002:00004D6C       WSAAsyncGetProtoByName
 0002:00004D70       WSAAsyncGetProtoByNumber
 0002:00004D74       WSAAsyncGetHostByName
 0002:00004D78       WSAAsyncGetHostByAddr
 0002:00004D7C       WSACancelAsyncRequest
 0002:00004D80       WSAAsyncSelect
 0002:00004D84       __WSAFDIsSet
 0002:00004D88       WSAAccept
 0002:00004D8C       WSACloseEvent
 0002:00004D90       WSAConnect
 0002:00004D94       WSACreateEvent
 0002:00004D98       WSADuplicateSocketA
 0002:00004D9C       WSADuplicateSocketW
 0002:00004DA0       WSADuplicateSocket
 0002:00004DA4       WSAEnumNetworkEvents
 0002:00004DA8       WSAEnumProtocolsA
 0002:00004DAC       WSAEnumProtocolsW
 0002:00004DB0       WSAEnumProtocols
 0002:00004DB4       WSAEventSelect
 0002:00004DB8       WSAGetOverlappedResult
 0002:00004DBC       WSAGetQosByName
 0002:00004DC0       WSAHtonl
 0002:00004DC4       WSAHtons
 0002:00004DC8       WSAIoctl
 0002:00004DCC       WSAJoinLeaf
 0002:00004DD0       WSANtohl
 0002:00004DD4       WSANtohs
 0002:00004DD8       WSARecv
 0002:00004DDC       WSARecvDisconnect
 0002:00004DE0       WSARecvFrom
 0002:00004DE4       WSAResetEvent
 0002:00004DE8       WSASend
 0002:00004DEC       WSASendDisconnect
 0002:00004DF0       WSASendTo
 0002:00004DF4       WSASetEvent
 0002:00004DF8       WSASocketA
 0002:00004DFC       WSASocketW
 0002:00004E00       WSASocket
 0002:00004E04       WSAWaitForMultipleEvents
 0002:00004E08       WSAAddressToStringA
 0002:00004E0C       WSAAddressToStringW
 0002:00004E10       WSAAddressToString
 0002:00004E14       WSAStringToAddressA
 0002:00004E18       WSAStringToAddressW
 0002:00004E1C       WSAStringToAddress
 0002:00004E20       WSALookupServiceBeginA
 0002:00004E24       WSALookupServiceBeginW
 0002:00004E28       WSALookupServiceBegin
 0002:00004E2C       WSALookupServiceNextA
 0002:00004E30       WSALookupServiceNextW
 0002:00004E34       WSALookupServiceNext
 0002:00004E38       WSALookupServiceEnd
 0002:00004E3C       WSAInstallServiceClassA
 0002:00004E40       WSAInstallServiceClassW
 0002:00004E44       WSAInstallServiceClass
 0002:00004E48       WSARemoveServiceClass
 0002:00004E4C       WSAGetServiceClassInfoA
 0002:00004E50       WSAGetServiceClassInfoW
 0002:00004E54       WSAGetServiceClassInfo
 0002:00004E58       WSAEnumNameSpaceProvidersA
 0002:00004E5C       WSAEnumNameSpaceProvidersW
 0002:00004E60       WSAEnumNameSpaceProviders
 0002:00004E64       WSAGetServiceClassNameByClassIdA
 0002:00004E68       WSAGetServiceClassNameByClassIdW
 0002:00004E6C       WSAGetServiceClassNameByClassId
 0002:00004E70       WSASetServiceA
 0002:00004E74       WSASetServiceW
 0002:00004E78       WSASetService
 0002:00004E7C       WSAProviderConfigChange
 0002:00004E80       TransmitFile
 0002:00004E84       AcceptEx
 0002:00004E88       GetAcceptExSockaddrs
 0002:00004E8C       WSARecvEx
 0002:00004E90       .3
 0002:00004E94       WS2_WSAStartup
 0002:00004E98       .1
 0002:00004E9C       GSocketListClass
 0002:00004EA0       .6
 0002:00004EA4       .3
 0002:00004EA8       .3
 0002:00004EAC       IndyFalseBoolStrs
 0002:00004EB0       IndyTrueBoolStrs
 0002:00004EB4       .11
 0002:00004EB8       FIdPorts
 0002:00004EBC       ATempPath
 0002:00004EC0       .1
 0002:00004EC4       GAppType
 0002:00004EC8       .1
 0002:00004ECC       .1
 0002:00004ED0       .2
 0002:00004ED4       .2
 0002:00004ED8       .2
 0002:00004EDC       .3
 0002:00004EE0       GStackCriticalSection
 0002:00004EE4       .9
 0002:00004EE8       .4
 0002:00004EEC       .2
 0002:00004EF0       .3
 0002:00004EF4       .2
 0002:00004EF8       .2
 0002:00004EFC       .3
 0002:00004F00       .2
 0002:00004F04       .31
 0002:00004F08       .5
 0002:00004F0C       .2
 0002:00004F10       .2
 0002:00004F14       .2
 0002:00004F18       .1
 0002:00004F1C       .7
 0002:00004F20       .4
 0002:00004F24       .11
 0002:00004F28       .9
 0002:00004F2C       .3
 0002:00004F30       .3
 0002:00004F34       GBase64DecodeTable
 0002:00004FB4       .3
 0002:00004FB8       .4
 0002:00004FBC       .5
 0002:00004FC0       .21
 0002:00004FC4       GetWebContextProc
 0002:00004FC8       SetWebContextProc
 0002:00004FCC       .5
 0002:00004FD0       .4
 0002:00004FD4       .2
 0002:00004FD8       .4
 0002:00004FDC       .1
 0002:00004FE0       .41
 0002:00004FE4       OleUninitializing
 0002:00004FE8       ComClassManagerVar
 0002:00004FEC       SaveInitProc
 0002:00004FF0       NeedToUninitialize
 0002:00004FF4       .1
 0002:00004FF8       .22
 0002:00004FFC       LockInfoCB
 0002:00005000       LockPassCB
 0002:00005004       LockVerifyCB
 0002:00005008       .4
 0002:0000500C       .4
 0002:00005010       .2
 0002:00005014       .2
 0002:00005018       GHTTPServer
 0002:0000501C       .2
 0002:00005020       formIWMain
 0002:00005024       .2
 0002:00005028       .1
 0002:0000502C       .7
 0002:00005030       SWServiceModule
 0002:00005034       .3
 0002:00005038       .1
 0002:0000503C       .2
 0002:00005040       .1
 0002:00005044       .1
 0002:00005048       .1
 0002:0000504C       .3
 0002:00005050       LoginDialogProc
 0002:00005054       LoginDialogExProc
 0002:00005058       RemoteLoginDialogProc
 0002:0000505C       ScreenCursorProc
 0002:00005060       PasswordDialog
 0002:00005064       DBScreen
 0002:00005068       DBApplication
 0002:0000506C       .36
 0002:00005070       .3
 0002:00005074       .1
 0002:00005078       .1
 0002:0000507C       .1
 0002:00005080       .1
 0002:00005084       IBCS
 0002:0000509C       .6
 0002:000050A0       IBDataBaseErrorMessages
 0002:000050A4       BLOB_get
 0002:000050A8       BLOB_put
 0002:000050AC       isc_sqlcode
 0002:000050B0       isc_sql_interprete
 0002:000050B4       isc_interprete
 0002:000050B8       isc_vax_integer
 0002:000050BC       isc_blob_info
 0002:000050C0       isc_open_blob2
 0002:000050C4       isc_close_blob
 0002:000050C8       isc_get_segment
 0002:000050CC       isc_put_segment
 0002:000050D0       isc_create_blob2
 0002:000050D4       isc_service_attach
 0002:000050D8       isc_service_detach
 0002:000050DC       isc_service_query
 0002:000050E0       isc_service_start
 0002:000050E4       isc_decode_date
 0002:000050E8       isc_decode_sql_date
 0002:000050EC       isc_decode_sql_time
 0002:000050F0       isc_decode_timestamp
 0002:000050F4       isc_encode_date
 0002:000050F8       isc_encode_sql_date
 0002:000050FC       isc_encode_sql_time
 0002:00005100       isc_encode_timestamp
 0002:00005104       isc_dsql_free_statement
 0002:00005108       isc_dsql_execute2
 0002:0000510C       isc_dsql_execute
 0002:00005110       isc_dsql_set_cursor_name
 0002:00005114       isc_dsql_fetch
 0002:00005118       isc_dsql_sql_info
 0002:0000511C       isc_dsql_alloc_statement2
 0002:00005120       isc_dsql_prepare
 0002:00005124       isc_dsql_describe_bind
 0002:00005128       isc_dsql_describe
 0002:0000512C       isc_dsql_execute_immediate
 0002:00005130       isc_drop_database
 0002:00005134       isc_detach_database
 0002:00005138       isc_attach_database
 0002:0000513C       isc_database_info
 0002:00005140       isc_start_multiple
 0002:00005144       isc_commit_transaction
 0002:00005148       isc_commit_retaining
 0002:0000514C       isc_rollback_transaction
 0002:00005150       isc_rollback_retaining
 0002:00005154       isc_cancel_events
 0002:00005158       isc_que_events
 0002:0000515C       isc_event_counts
 0002:00005160       isc_event_block
 0002:00005164       isc_free
 0002:00005168       isc_add_user
 0002:0000516C       isc_delete_user
 0002:00005170       isc_modify_user
 0002:00005174       isc_prepare_transaction
 0002:00005178       isc_prepare_transaction2
 0002:0000517C       .1
 0002:00005180       IBLibrary
 0002:00005184       IBInstallLibrary
 0002:00005188       IBClientVersion
 0002:0000518C       .1
 0002:00005190       .1
 0002:00005194       .01
 0002:00005198       .2
 0002:0000519C       .23
 0002:000051A0       .11
 0002:000051A4       .3
 0002:000051A8       FSharedBuffer
 0002:000051AC       FWriteLock
 0002:000051B0       FWriteEvent
 0002:000051B4       FWriteFinishedEvent
 0002:000051B8       FReadEvent
 0002:000051BC       FReadFinishedEvent
 0002:000051C0       FBuffer
 0002:000051C4       FMonitorCount
 0002:000051C8       FReaderCount
 0002:000051CC       FTraceDataType
 0002:000051D0       FBufferSize
 0002:000051D4       FTimeStamp
 0002:000051D8       FWriterThread
 0002:000051DC       FReaderThread
 0002:000051E0       _MonitorHook
 0002:000051E4       bDone
 0002:000051E8       CS
 0002:00005200       .2
 0002:00005204       .8
 0002:00005208       .2
 0002:0000520C       .3
 0002:00005210       .3
 0002:00005214       .9
 0002:00005218       .5
 0002:0000521C       .2
 0002:00005220       .5
 0002:00005224       .1
 0002:00005228       .2
 0002:0000522C       .2
 0002:00005230       .22
 0002:00005234       .3
 0002:00005238       .6
 0002:0000523C       .3
 0002:00005240       .41
 0002:00005244       .4
 0002:00005248       .2
 0002:0000524C       .2
 0002:00005250       .3
 0002:00005254       .3
 0002:00005258       .2
 0002:0000525C       .2
 0002:00005260       .1
 0002:00005264       .2


Line numbers for DatamoduleUnit(DataModule\DatamoduleUnit.pas) segment .text

    39 0001:000F5728    40 0001:000F5739    42 0001:000F576C    42 0001:000F5773

Line numbers for ServerController(ServerControler\ServerController.pas) segment .text

    53 0001:000F5930    54 0001:000F5945    55 0001:000F5950    56 0001:000F5978
    60 0001:000F597C    61 0001:000F597F    62 0001:000F5990    64 0001:000F59C4
    64 0001:000F59CB

Line numbers for Unit_Controle_Vendas(Controle_Vendas\Unit_Controle_Vendas.pas) segment .text

    64 0001:000FCD7C    65 0001:000FCD94    66 0001:000FCDB6    68 0001:000FCDD8
    69 0001:000FCDE5    70 0001:000FCDF2    71 0001:000FCE21    74 0001:000FCE28
    75 0001:000FCE2B    76 0001:000FCE35    77 0001:000FCE3C    80 0001:000FCE40
    81 0001:000FCE58    82 0001:000FCE7A    84 0001:000FCEBE    89 0001:000FCEC4
   106 0001:000FCEF2   107 0001:000FCF00   109 0001:000FCF2C   110 0001:000FCF42
   113 0001:000FCF51   114 0001:000FCF5F   116 0001:000FCF8B   117 0001:000FCFA1
   120 0001:000FCFB0   122 0001:000FCFBB   123 0001:000FCFD1   127 0001:000FCFD6
   129 0001:000FCFDF   130 0001:000FCFE6   131 0001:000FCFED   132 0001:000FD01E
   133 0001:000FD04F   134 0001:000FD056   137 0001:000FD05D   139 0001:000FD066
   140 0001:000FD06D   141 0001:000FD074   142 0001:000FD0A5   143 0001:000FD0D6
   144 0001:000FD0DD   146 0001:000FD0E4   147 0001:000FD0F4   148 0001:000FD104
   149 0001:000FD136   151 0001:000FD208   151 0001:000FD20F

Line numbers for Unit_Controle_Abastecimentos(Controle_Abastecimentos\Unit_Controle_Abastecimentos.pas) segment .text

    87 0001:000FD894    88 0001:000FD8AC    89 0001:000FD8CE    91 0001:000FD8F0
    93 0001:000FD8FD    94 0001:000FD90A    95 0001:000FD939    98 0001:000FD940
    99 0001:000FD943   100 0001:000FD94D   101 0001:000FD954   104 0001:000FD958
   105 0001:000FD970   106 0001:000FD992   108 0001:000FD9D6   113 0001:000FD9DC
   128 0001:000FD9FF   129 0001:000FDA0D   131 0001:000FDA39   132 0001:000FDA4F
   135 0001:000FDA5E   136 0001:000FDA6C   138 0001:000FDA98   139 0001:000FDAAE
   142 0001:000FDABD   144 0001:000FDAC8   145 0001:000FDADE   148 0001:000FDAE3
   149 0001:000FDAF1   151 0001:000FDAFF   152 0001:000FDB0D   154 0001:000FDB1B
   155 0001:000FDB29   157 0001:000FDB37   160 0001:000FDB4E   162 0001:000FDB57
   163 0001:000FDB88   164 0001:000FDBB9   165 0001:000FDBC0   168 0001:000FDBC7
   169 0001:000FDBDA   170 0001:000FDBEA   171 0001:000FDBFA   173 0001:000FDC0F
   176 0001:000FDC18   178 0001:000FDC21   179 0001:000FDC52   180 0001:000FDC83
   181 0001:000FDC8A   184 0001:000FDC91   185 0001:000FDCA4   186 0001:000FDCB4
   187 0001:000FDCC4   189 0001:000FDCD9   192 0001:000FDCE2   194 0001:000FDCEB
   195 0001:000FDD1C   196 0001:000FDD4D   197 0001:000FDD54   200 0001:000FDD5B
   201 0001:000FDD6E   202 0001:000FDD7E   203 0001:000FDD8E   207 0001:000FDD9E
   209 0001:000FDDA7   210 0001:000FDDAE   211 0001:000FDDB5   212 0001:000FDDE6
   213 0001:000FDE17   214 0001:000FDE1E   216 0001:000FDE25   218 0001:000FDE41
   220 0001:000FDE51   221 0001:000FDE61   225 0001:000FDE73   226 0001:000FDE83
   228 0001:000FDE93   232 0001:000FDEC5   234 0001:000FDFEC   234 0001:000FDFF3

Line numbers for UnitFuncoes(Funcoes_Diversas\UnitFuncoes.pas) segment .text

    23 0001:000FDFF4    24 0001:000FE014    25 0001:000FE022    26 0001:000FE032
    27 0001:000FE05C    28 0001:000FE066    31 0001:000FE078    32 0001:000FE08E
    33 0001:000FE0A5    34 0001:000FE0BB    35 0001:000FE0D2    36 0001:000FE0E8
    37 0001:000FE0FC    38 0001:000FE112    39 0001:000FE126    40 0001:000FE13C
    41 0001:000FE150    42 0001:000FE166    43 0001:000FE17A    44 0001:000FE190
    45 0001:000FE1A4    46 0001:000FE1BA    47 0001:000FE1F7    48 0001:000FE20D
    50 0001:000FE259    53 0001:000FE276    54 0001:000FE27E    55 0001:000FE2AE
    57 0001:000FE488    57 0001:000FE48F

Line numbers for IWUnit1(Tela_Principal\IWUnit1.pas) segment .text

    45 0001:000FE75C    46 0001:000FE773    47 0001:000FE790    48 0001:000FE7AC
    49 0001:000FE7D7    55 0001:000FE7DC    56 0001:000FE7FB    57 0001:000FE803
    59 0001:000FE815    60 0001:000FE823    62 0001:000FE832    63 0001:000FE845
    64 0001:000FE887    65 0001:000FE8C9    66 0001:000FE8EA    68 0001:000FE916
    69 0001:000FE92E    71 0001:000FE97A    73 0001:000FE996    76 0001:000FE9C8
    79 0001:000FEADC    80 0001:000FEAF3    81 0001:000FEB10    82 0001:000FEB2C
    83 0001:000FEB57    85 0001:000FEB8C    85 0001:000FEB93

Line numbers for SAR_A(D:\Projetos\Tk-Posto\SAR-A\SAR_A.dpr) segment .text

    15 0001:000FF1EC    16 0001:000FF1FC    17 0001:000FF20E

Bound resource files

c:\arquivos de programas\borland\delphi7\Lib\Buttons.res
c:\arquivos de programas\borland\delphi7\Lib\ExtDlgs.res
c:\arquivos de programas\borland\delphi7\Lib\Controls.res
c:\arquivos de programas\borland\delphi7\Lib\IWData.res
c:\arquivos de programas\borland\delphi7\Lib\IWMain.res
DatamoduleUnit.dfm
ServerController.dfm
c:\arquivos de programas\borland\delphi7\Lib\DBLogDlg.dfm
c:\arquivos de programas\borland\delphi7\Lib\DBPWDlg.dfm
c:\arquivos de programas\borland\delphi7\Lib\DBCtrls.res
c:\arquivos de programas\borland\delphi7\Lib\IWDB.res
Unit_Controle_Vendas.dfm
Unit_Controle_Abastecimentos.dfm
IWUnit1.dfm
SAR_A.res
SAR_A.drf


Program entry point at 0001:000FF1EC
